
> codewrote@0.1.0 build
> next build

Γû▓ Next.js 16.1.6 (Turbopack)

  Creating an optimized production build ...
npm : 
At line:1 char:1
+ npm run build > 
build_output.txt 2>&1
+ ~~~~~~~~~~~~~~~~~~~~
~~~~~~~~~~~~~~~~~
    + CategoryInfo    
          : NotSpeci  
  fied: (:String) [   
 ], RemoteExceptio    
n
    + FullyQualifiedE 
   rrorId : NativeCo  
  mmandError
 
> Build error occurred
Error: Turbopack 
build failed with 46 
errors:
./src/app/login/page.t
sx:14:1
Module not found: 
Can't resolve '@fortaw
esome/free-brands-svg-
icons'
[0m [90m 12 |[39m 
[36mimport[39m { [3
3mFontAwesomeIcon[39m
 } [36mfrom[39m [32
m'@fortawesome/react-f
ontawesome'[39m[33m;
[39m
 [90m 13 |[39m 
[36mimport[39m { 
faEnvelope[33m,[39m 
faLock[33m,[39m 
faUser[33m,[39m 
faArrowRight } 
[36mfrom[39m [32m'@
fortawesome/free-solid
-svg-icons'[39m[33m;
[39m
[31m[1m>[22m[39m[
90m 14 |[39m 
[36mimport[39m { 
faGoogle } 
[36mfrom[39m [32m'@
fortawesome/free-brand
s-svg-icons'[39m[33m
;[39m
 [90m    |[39m [31m
[1m^[22m[39m[31m[
1m^[22m[39m[31m[1m
^[22m[39m[31m[1m^
[22m[39m[31m[1m^[2
2m[39m[31m[1m^[22m
[39m[31m[1m^[22m[
39m[31m[1m^[22m[39
m[31m[1m^[22m[39m
[31m[1m^[22m[39m[3
1m[1m^[22m[39m[31m
[1m^[22m[39m[31m[
1m^[22m[39m[31m[1m
^[22m[39m[31m[1m^
[22m[39m[31m[1m^[2
2m[39m[31m[1m^[22m
[39m[31m[1m^[22m[
39m[31m[1m^[22m[39
m[31m[1m^[22m[39m
[31m[1m^[22m[39m[3
1m[1m^[22m[39m[31m
[1m^[22m[39m[31m[
1m^[22m[39m[31m[1m
^[22m[39m[31m[1m^
[22m[39m[31m[1m^[2
2m[39m[31m[1m^[22m
[39m[31m[1m^[22m[
39m[31m[1m^[22m[39
m[31m[1m^[22m[39m
[31m[1m^[22m[39m[3
1m[1m^[22m[39m[31m
[1m^[22m[39m[31m[
1m^[22m[39m[31m[1m
^[22m[39m[31m[1m^
[22m[39m[31m[1m^[2
2m[39m[31m[1m^[22m
[39m[31m[1m^[22m[
39m[31m[1m^[22m[39
m[31m[1m^[22m[39m
[31m[1m^[22m[39m[3
1m[1m^[22m[39m[31m
[1m^[22m[39m[31m[
1m^[22m[39m[31m[1m
^[22m[39m[31m[1m^
[22m[39m[31m[1m^[2
2m[39m[31m[1m^[22m
[39m[31m[1m^[22m[
39m[31m[1m^[22m[39
m[31m[1m^[22m[39m
[31m[1m^[22m[39m[3
1m[1m^[22m[39m[31m
[1m^[22m[39m[31m[
1m^[22m[39m[31m[1m
^[22m[39m[31m[1m^
[22m[39m[31m[1m^[2
2m[39m[31m[1m^[22m
[39m[31m[1m^[22m[
39m
 [90m 15 |[39m
 [90m 16 |[39m 
[36mexport[39m 
[36mdefault[39m 
[36mfunction[39m 
[33mLoginPage[39m() 
{
 [90m 17 |[39m   
[36mconst[39m 
[isLogin[33m,[39m 
setIsLogin] 
[33m=[39m useState(
[36mtrue[39m)[33m;[
39m[0m



Import traces:
  Client Component 
Browser:
    ./src/app/login/pa
ge.tsx [Client 
Component Browser]
    ./src/app/login/pa
ge.tsx [Server 
Component]

  Client Component 
SSR:
    ./src/app/login/pa
ge.tsx [Client 
Component SSR]
    ./src/app/login/pa
ge.tsx [Server 
Component]

https://nextjs.org/doc
s/messages/module-not-
found


./src/app/login/page.t
sx:10:1
Module not found: 
Can't resolve '@fortaw
esome/free-brands-svg-
icons'
[0m [90m  8 |[39m 
[36mimport[39m { [3
3mFontAwesomeIcon[39m
 } [36mfrom[39m [32
m'@fortawesome/react-f
ontawesome'[39m[33m;
[39m
 [90m  9 |[39m 
[36mimport[39m { 
faEnvelope[33m,[39m 
faLock[33m,[39m 
faUser[33m,[39m 
faArrowRight } 
[36mfrom[39m [32m'@
fortawesome/free-solid
-svg-icons'[39m[33m;
[39m
[31m[1m>[22m[39m[
90m 10 |[39m 
[36mimport[39m { 
faGoogle } 
[36mfrom[39m [32m'@
fortawesome/free-brand
s-svg-icons'[39m[33m
;[39m
 [90m    |[39m [31m
[1m^[22m[39m[31m[
1m^[22m[39m[31m[1m
^[22m[39m[31m[1m^
[22m[39m[31m[1m^[2
2m[39m[31m[1m^[22m
[39m[31m[1m^[22m[
39m[31m[1m^[22m[39
m[31m[1m^[22m[39m
[31m[1m^[22m[39m[3
1m[1m^[22m[39m[31m
[1m^[22m[39m[31m[
1m^[22m[39m[31m[1m
^[22m[39m[31m[1m^
[22m[39m[31m[1m^[2
2m[39m[31m[1m^[22m
[39m[31m[1m^[22m[
39m[31m[1m^[22m[39
m[31m[1m^[22m[39m
[31m[1m^[22m[39m[3
1m[1m^[22m[39m[31m
[1m^[22m[39m[31m[
1m^[22m[39m[31m[1m
^[22m[39m[31m[1m^
[22m[39m[31m[1m^[2
2m[39m[31m[1m^[22m
[39m[31m[1m^[22m[
39m[31m[1m^[22m[39
m[31m[1m^[22m[39m
[31m[1m^[22m[39m[3
1m[1m^[22m[39m[31m
[1m^[22m[39m[31m[
1m^[22m[39m[31m[1m
^[22m[39m[31m[1m^
[22m[39m[31m[1m^[2
2m[39m[31m[1m^[22m
[39m[31m[1m^[22m[
39m[31m[1m^[22m[39
m[31m[1m^[22m[39m
[31m[1m^[22m[39m[3
1m[1m^[22m[39m[31m
[1m^[22m[39m[31m[
1m^[22m[39m[31m[1m
^[22m[39m[31m[1m^
[22m[39m[31m[1m^[2
2m[39m[31m[1m^[22m
[39m[31m[1m^[22m[
39m[31m[1m^[22m[39
m[31m[1m^[22m[39m
[31m[1m^[22m[39m[3
1m[1m^[22m[39m[31m
[1m^[22m[39m[31m[
1m^[22m[39m[31m[1m
^[22m[39m[31m[1m^
[22m[39m[31m[1m^[2
2m[39m[31m[1m^[22m
[39m[31m[1m^[22m[
39m
 [90m 11 |[39m 
[36mexport[39m 
[36mdefault[39m 
[36mfunction[39m 
[33mLoginPage[39m() 
{
 [90m 12 |[39m   
[36mconst[39m 
[isLogin[33m,[39m 
setIsLogin] 
[33m=[39m useState(
[36mtrue[39m)[33m;[
39m
 [90m 13 |[39m   
[36mconst[39m 
[email[33m,[39m 
setEmail] [33m=[39m 
useState([32m''[39m)
[33m;[39m[0m



Import traces:
  Client Component 
Browser:
    ./src/app/login/pa
ge.tsx [Client 
Component Browser]
    ./src/app/login/pa
ge.tsx [Server 
Component]

  Client Component 
SSR:
    ./src/app/login/pa
ge.tsx [Client 
Component SSR]
    ./src/app/login/pa
ge.tsx [Server 
Component]

https://nextjs.org/doc
s/messages/module-not-
found


./src/app/admin/blogs/
page.tsx:5:1
Module not found: 
Can't resolve '@fortaw
esome/free-solid-svg-i
cons'
[0m [90m  3 |[39m 
[36mimport[39m { 
motion[33m,[39m [33
mAnimatePresence[39m 
} [36mfrom[39m [32m
'framer-motion'[39m[
33m;[39m
 [90m  4 |[39m 
[36mimport[39m { [3
3mFontAwesomeIcon[39m
 } [36mfrom[39m [32
m'@fortawesome/react-f
ontawesome'[39m[33m;
[39m
[31m[1m>[22m[39m[
90m  5 |[39m 
[36mimport[39m { 
 [90m    |[39m [31m
[1m^[22m[39m[31m[
1m^[22m[39m[31m[1m
^[22m[39m[31m[1m^
[22m[39m[31m[1m^[2
2m[39m[31m[1m^[22m
[39m[31m[1m^[22m[
39m[31m[1m^[22m[39
m[31m[1m^[22m[39m
[31m[1m>[22m[39m[
90m  6 |[39m   
faHome[33m,[39m 
faUsers[33m,[39m faC
hartLine[33m,[39m fa
ClipboardList[33m,[3
9m faCog[33m,[39m 
 [90m    |[39m [31m
[1m^[22m[39m[31m[
1m^[22m[39m[31m[1m
^[22m[39m[31m[1m^
[22m[39m[31m[1m^[2
2m[39m[31m[1m^[22m
[39m[31m[1m^[22m[
39m[31m[1m^[22m[39
m[31m[1m^[22m[39m
[31m[1m^[22m[39m[3
1m[1m^[22m[39m[31m
[1m^[22m[39m[31m[
1m^[22m[39m[31m[1m
^[22m[39m[31m[1m^
[22m[39m[31m[1m^[2
2m[39m[31m[1m^[22m
[39m[31m[1m^[22m[
39m[31m[1m^[22m[39
m[31m[1m^[22m[39m
[31m[1m^[22m[39m[3
1m[1m^[22m[39m[31m
[1m^[22m[39m[31m[
1m^[22m[39m[31m[1m
^[22m[39m[31m[1m^
[22m[39m[31m[1m^[2
2m[39m[31m[1m^[22m
[39m[31m[1m^[22m[
39m[31m[1m^[22m[39
m[31m[1m^[22m[39m
[31m[1m^[22m[39m[3
1m[1m^[22m[39m[31m
[1m^[22m[39m[31m[
1m^[22m[39m[31m[1m
^[22m[39m[31m[1m^
[22m[39m[31m[1m^[2
2m[39m[31m[1m^[22m
[39m[31m[1m^[22m[
39m[31m[1m^[22m[39
m[31m[1m^[22m[39m
[31m[1m^[22m[39m[3
1m[1m^[22m[39m[31m
[1m^[22m[39m[31m[
1m^[22m[39m[31m[1m
^[22m[39m[31m[1m^
[22m[39m[31m[1m^[2
2m[39m[31m[1m^[22m
[39m[31m[1m^[22m[
39m[31m[1m^[22m[39
m[31m[1m^[22m[39m
[31m[1m^[22m[39m[3
1m[1m^[22m[39m[31m
[1m^[22m[39m
[31m[1m>[22m[39m[
90m  7 |[39m   
faPlus[33m,[39m 
faEdit[33m,[39m 
faTrash[33m,[39m 
faUpload[33m,[39m 
faMagic[33m,[39m 
faSearch[33m,[39m
 [90m    |[39m [31m
[1m^[22m[39m[31m[
1m^[22m[39m[31m[1m
^[22m[39m[31m[1m^
[22m[39m[31m[1m^[2
2m[39m[31m[1m^[22m
[39m[31m[1m^[22m[
39m[31m[1m^[22m[39
m[31m[1m^[22m[39m
[31m[1m^[22m[39m[3
1m[1m^[22m[39m[31m
[1m^[22m[39m[31m[
1m^[22m[39m[31m[1m
^[22m[39m[31m[1m^
[22m[39m[31m[1m^[2
2m[39m[31m[1m^[22m
[39m[31m[1m^[22m[
39m[31m[1m^[22m[39
m[31m[1m^[22m[39m
[31m[1m^[22m[39m[3
1m[1m^[22m[39m[31m
[1m^[22m[39m[31m[
1m^[22m[39m[31m[1m
^[22m[39m[31m[1m^
[22m[39m[31m[1m^[2
2m[39m[31m[1m^[22m
[39m[31m[1m^[22m[
39m[31m[1m^[22m[39
m[31m[1m^[22m[39m
[31m[1m^[22m[39m[3
1m[1m^[22m[39m[31m
[1m^[22m[39m[31m[
1m^[22m[39m[31m[1m
^[22m[39m[31m[1m^
[22m[39m[31m[1m^[2
2m[39m[31m[1m^[22m
[39m[31m[1m^[22m[
39m[31m[1m^[22m[39
m[31m[1m^[22m[39m
[31m[1m^[22m[39m[3
1m[1m^[22m[39m[31m
[1m^[22m[39m[31m[
1m^[22m[39m[31m[1m
^[22m[39m[31m[1m^
[22m[39m[31m[1m^[2
2m[39m[31m[1m^[22m
[39m[31m[1m^[22m[
39m[31m[1m^[22m[39
m[31m[1m^[22m[39m
[31m[1m^[22m[39m[3
1m[1m^[22m[39m[31m
[1m^[22m[39m
[31m[1m>[22m[39m[
90m  8 |[39m   faEnve
lopeOpenText[33m,[39
m faSignOutAlt[33m,[
39m 
faThLarge[33m,[39m 
faFileAlt[33m,[39m
 [90m    |[39m [31m
[1m^[22m[39m[31m[
1m^[22m[39m[31m[1m
^[22m[39m[31m[1m^
[22m[39m[31m[1m^[2
2m[39m[31m[1m^[22m
[39m[31m[1m^[22m[
39m[31m[1m^[22m[39
m[31m[1m^[22m[39m
[31m[1m^[22m[39m[3
1m[1m^[22m[39m[31m
[1m^[22m[39m[31m[
1m^[22m[39m[31m[1m
^[22m[39m[31m[1m^
[22m[39m[31m[1m^[2
2m[39m[31m[1m^[22m
[39m[31m[1m^[22m[
39m[31m[1m^[22m[39
m[31m[1m^[22m[39m
[31m[1m^[22m[39m[3
1m[1m^[22m[39m[31m
[1m^[22m[39m[31m[
1m^[22m[39m[31m[1m
^[22m[39m[31m[1m^
[22m[39m[31m[1m^[2
2m[39m[31m[1m^[22m
[39m[31m[1m^[22m[
39m[31m[1m^[22m[39
m[31m[1m^[22m[39m
[31m[1m^[22m[39m[3
1m[1m^[22m[39m[31m
[1m^[22m[39m[31m[
1m^[22m[39m[31m[1m
^[22m[39m[31m[1m^
[22m[39m[31m[1m^[2
2m[39m[31m[1m^[22m
[39m[31m[1m^[22m[
39m[31m[1m^[22m[39
m[31m[1m^[22m[39m
[31m[1m^[22m[39m[3
1m[1m^[22m[39m[31m
[1m^[22m[39m[31m[
1m^[22m[39m[31m[1m
^[22m[39m[31m[1m^
[22m[39m[31m[1m^[2
2m[39m[31m[1m^[22m
[39m[31m[1m^[22m[
39m[31m[1m^[22m[39
m[31m[1m^[22m[39m
[31m[1m^[22m[39m[3
1m[1m^[22m[39m[31m
[1m^[22m[39m
[31m[1m>[22m[39m[
90m  9 |[39m   faQues
tionCircle[33m,[39m 
faStar[33m,[39m 
faTimes
 [90m    |[39m [31m
[1m^[22m[39m[31m[
1m^[22m[39m[31m[1m
^[22m[39m[31m[1m^
[22m[39m[31m[1m^[2
2m[39m[31m[1m^[22m
[39m[31m[1m^[22m[
39m[31m[1m^[22m[39
m[31m[1m^[22m[39m
[31m[1m^[22m[39m[3
1m[1m^[22m[39m[31m
[1m^[22m[39m[31m[
1m^[22m[39m[31m[1m
^[22m[39m[31m[1m^
[22m[39m[31m[1m^[2
2m[39m[31m[1m^[22m
[39m[31m[1m^[22m[
39m[31m[1m^[22m[39
m[31m[1m^[22m[39m
[31m[1m^[22m[39m[3
1m[1m^[22m[39m[31m
[1m^[22m[39m[31m[
1m^[22m[39m[31m[1m
^[22m[39m[31m[1m^
[22m[39m[31m[1m^[2
2m[39m[31m[1m^[22m
[39m[31m[1m^[22m[
39m[31m[1m^[22m[39
m[31m[1m^[22m[39m
[31m[1m^[22m[39m[3
1m[1m^[22m[39m[31m
[1m^[22m[39m[31m[
1m^[22m[39m[31m[1m
^[22m[39m[31m[1m^
[22m[39m[31m[1m^[2
2m[39m[31m[1m^[22m
[39m[31m[1m^[22m[
39m[31m[1m^[22m[39
m[31m[1m^[22m[39m
[31m[1m^[22m[39m[3
1m[1m^[22m[39m[31m
[1m^[22m[39m[31m[
1m^[22m[39m[31m[1m
^[22m[39m[31m[1m^
[22m[39m[31m[1m^[2
2m[39m[31m[1m^[22m
[39m[31m[1m^[22m[
39m[31m[1m^[22m[39
m[31m[1m^[22m[39m
[31m[1m^[22m[39m[3
1m[1m^[22m[39m[31m
[1m^[22m[39m
[31m[1m>[22m[39m[
90m 10 |[39m } 
[36mfrom[39m [32m'@
fortawesome/free-solid
-svg-icons'[39m[33m;
[39m
 [90m    |[39m [31m
[1m^[22m[39m[31m[
1m^[22m[39m[31m[1m
^[22m[39m[31m[1m^
[22m[39m[31m[1m^[2
2m[39m[31m[1m^[22m
[39m[31m[1m^[22m[
39m[31m[1m^[22m[39
m[31m[1m^[22m[39m
[31m[1m^[22m[39m[3
1m[1m^[22m[39m[31m
[1m^[22m[39m[31m[
1m^[22m[39m[31m[1m
^[22m[39m[31m[1m^
[22m[39m[31m[1m^[2
2m[39m[31m[1m^[22m
[39m[31m[1m^[22m[
39m[31m[1m^[22m[39
m[31m[1m^[22m[39m
[31m[1m^[22m[39m[3
1m[1m^[22m[39m[31m
[1m^[22m[39m[31m[
1m^[22m[39m[31m[1m
^[22m[39m[31m[1m^
[22m[39m[31m[1m^[2
2m[39m[31m[1m^[22m
[39m[31m[1m^[22m[
39m[31m[1m^[22m[39
m[31m[1m^[22m[39m
[31m[1m^[22m[39m[3
1m[1m^[22m[39m[31m
[1m^[22m[39m[31m[
1m^[22m[39m[31m[1m
^[22m[39m[31m[1m^
[22m[39m[31m[1m^[2
2m[39m[31m[1m^[22m
[39m[31m[1m^[22m[
39m[31m[1m^[22m[39
m[31m[1m^[22m[39m
[31m[1m^[22m[39m[3
1m[1m^[22m[39m
 [90m 11 |[39m 
[36mimport[39m { 
collection[33m,[39m 
getDocs[33m,[39m 
addDoc[33m,[39m 
updateDoc[33m,[39m 
deleteDoc[33m,[39m 
doc[33m,[39m getDoc 
} [36mfrom[39m [32m
'firebase/firestore'[
39m[33m;[39m
 [90m 12 |[39m 
[36mimport[39m { 
ref[33m,[39m uploadB
ytes[33m,[39m getDow
nloadURL[33m,[39m 
deleteObject } 
[36mfrom[39m [32m'f
irebase/storage'[39m
[33m;[39m
 [90m 13 |[39m 
[36mimport[39m { 
signOut[33m,[39m 
onAuthStateChanged } 
[36mfrom[39m [32m'f
irebase/auth'[39m[33
m;[39m[0m



Import traces:
  Client Component 
Browser:
    ./src/app/admin/bl
ogs/page.tsx [Client 
Component Browser]
    ./src/app/admin/bl
ogs/page.tsx [Server 
Component]

  Client Component 
SSR:
    ./src/app/admin/bl
ogs/page.tsx [Client 
Component SSR]
    ./src/app/admin/bl
ogs/page.tsx [Server 
Component]

https://nextjs.org/doc
s/messages/module-not-
found


./src/app/admin/blogs/
page.tsx:6:1
Module not found: 
Can't resolve '@fortaw
esome/free-solid-svg-i
cons'
[0m [90m 4 |[39m 
[36mimport[39m { 
motion[33m,[39m [33
mAnimatePresence[39m 
} [36mfrom[39m [32m
'framer-motion'[39m[
33m;[39m
 [90m 5 |[39m 
[36mimport[39m { [3
3mFontAwesomeIcon[39m
 } [36mfrom[39m [32
m'@fortawesome/react-f
ontawesome'[39m[33m;
[39m
[31m[1m>[22m[39m[
90m 6 |[39m 
[36mimport[39m { 
faHome[33m,[39m 
faUsers[33m,[39m faC
hartLine[33m,[39m fa
ClipboardList[33m,[3
9m faCog[33m,[39m 
faPlus[33m,[39m 
faEdit[33m,[39m 
faTrash[33m,[39m 
faUpload[33m,[39m 
faMagic[33m,[39m 
faSearch[33m,[39m fa
EnvelopeOpenText[33m,
[39m faSignOutAlt[33
m,[39m 
faThLarge[33m,[39m 
faFileAlt[33m,[39m f
aQuestionCircle[33m,
[39m 
faStar[33m,[39m 
faTimes } 
[36mfrom[39m [32m'@
fortawesome/free-solid
-svg-icons'[39m[33m;
[39m
 [90m   |[39m [31m
[1m^[22m[39m[31m[1
m^[22m[39m[31m[1m^
[22m[39m[31m[1m^[
22m[39m[31m[1m^[22
m[39m[31m[1m^[22m
[39m[31m[1m^[22m[3
9m[31m[1m^[22m[39m
[31m[1m^[22m[39m[
31m[1m^[22m[39m[31
m[1m^[22m[39m[31m
[1m^[22m[39m[31m[1
m^[22m[39m[31m[1m^
[22m[39m[31m[1m^[
22m[39m[31m[1m^[22
m[39m[31m[1m^[22m
[39m[31m[1m^[22m[3
9m[31m[1m^[22m[39m
[31m[1m^[22m[39m[
31m[1m^[22m[39m[31
m[1m^[22m[39m[31m
[1m^[22m[39m[31m[1
m^[22m[39m[31m[1m^
[22m[39m[31m[1m^[
22m[39m[31m[1m^[22
m[39m[31m[1m^[22m
[39m[31m[1m^[22m[3
9m[31m[1m^[22m[39m
[31m[1m^[22m[39m[
31m[1m^[22m[39m[31
m[1m^[22m[39m[31m
[1m^[22m[39m[31m[1
m^[22m[39m[31m[1m^
[22m[39m[31m[1m^[
22m[39m[31m[1m^[22
m[39m[31m[1m^[22m
[39m[31m[1m^[22m[3
9m[31m[1m^[22m[39m
[31m[1m^[22m[39m[
31m[1m^[22m[39m[31
m[1m^[22m[39m[31m
[1m^[22m[39m[31m[1
m^[22m[39m[31m[1m^
[22m[39m[31m[1m^[
22m[39m[31m[1m^[22
m[39m[31m[1m^[22m
[39m[31m[1m^[22m[3
9m[31m[1m^[22m[39m
[31m[1m^[22m[39m[
31m[1m^[22m[39m[31
m[1m^[22m[39m[31m
[1m^[22m[39m[31m[1
m^[22m[39m[31m[1m^
[22m[39m[31m[1m^[
22m[39m[31m[1m^[22
m[39m[31m[1m^[22m
[39m[31m[1m^[22m[3
9m[31m[1m^[22m[39m
[31m[1m^[22m[39m[
31m[1m^[22m[39m[31
m[1m^[22m[39m[31m
[1m^[22m[39m[31m[1
m^[22m[39m[31m[1m^
[22m[39m[31m[1m^[
22m[39m[31m[1m^[22
m[39m[31m[1m^[22m
[39m[31m[1m^[22m[3
9m[31m[1m^[22m[39m
[31m[1m^[22m[39m[
31m[1m^[22m[39m[31
m[1m^[22m[39m[31m
[1m^[22m[39m[31m[1
m^[22m[39m[31m[1m^
[22m[39m[31m[1m^[
22m[39m[31m[1m^[22
m[39m[31m[1m^[22m
[39m[31m[1m^[22m[3
9m[31m[1m^[22m[39m
[31m[1m^[22m[39m[
31m[1m^[22m[39m[31
m[1m^[22m[39m[31m
[1m^[22m[39m[31m[1
m^[22m[39m[31m[1m^
[22m[39m[31m[1m^[
22m[39m[31m[1m^[22
m[39m[31m[1m^[22m
[39m[31m[1m^[22m[3
9m[31m[1m^[22m[39m
[31m[1m^[22m[39m[
31m[1m^[22m[39m[31
m[1m^[22m[39m[31m
[1m^[22m[39m[31m[1
m^[22m[39m[31m[1m^
[22m[39m[31m[1m^[
22m[39m[31m[1m^[22
m[39m[31m[1m^[22m
[39m[31m[1m^[22m[3
9m[31m[1m^[22m[39m
[31m[1m^[22m[39m[
31m[1m^[22m[39m[31
m[1m^[22m[39m[31m
[1m^[22m[39m[31m[1
m^[22m[39m[31m[1m^
[22m[39m[31m[1m^[
22m[39m[31m[1m^[22
m[39m[31m[1m^[22m
[39m[31m[1m^[22m[3
9m[31m[1m^[22m[39m
[31m[1m^[22m[39m[
31m[1m^[22m[39m[31
m[1m^[22m[39m[31m
[1m^[22m[39m[31m[1
m^[22m[39m[31m[1m^
[22m[39m[31m[1m^[
22m[39m[31m[1m^[22
m[39m[31m[1m^[22m
[39m[31m[1m^[22m[3
9m[31m[1m^[22m[39m
[31m[1m^[22m[39m[
31m[1m^[22m[39m[31
m[1m^[22m[39m[31m
[1m^[22m[39m[31m[1
m^[22m[39m[31m[1m^
[22m[39m[31m[1m^[
22m[39m[31m[1m^[22
m[39m[31m[1m^[22m
[39m[31m[1m^[22m[3
9m[31m[1m^[22m[39m
[31m[1m^[22m[39m[
31m[1m^[22m[39m[31
m[1m^[22m[39m[31m
[1m^[22m[39m[31m[1
m^[22m[39m[31m[1m^
[22m[39m[31m[1m^[
22m[39m[31m[1m^[22
m[39m[31m[1m^[22m
[39m[31m[1m^[22m[3
9m[31m[1m^[22m[39m
[31m[1m^[22m[39m[
31m[1m^[22m[39m[31
m[1m^[22m[39m[31m
[1m^[22m[39m[31m[1
m^[22m[39m[31m[1m^
[22m[39m[31m[1m^[
22m[39m[31m[1m^[22
m[39m[31m[1m^[22m
[39m[31m[1m^[22m[3
9m[31m[1m^[22m[39m
[31m[1m^[22m[39m[
31m[1m^[22m[39m[31
m[1m^[22m[39m[31m
[1m^[22m[39m[31m[1
m^[22m[39m[31m[1m^
[22m[39m[31m[1m^[
22m[39m[31m[1m^[22
m[39m[31m[1m^[22m
[39m[31m[1m^[22m[3
9m[31m[1m^[22m[39m
[31m[1m^[22m[39m[
31m[1m^[22m[39m[31
m[1m^[22m[39m[31m
[1m^[22m[39m[31m[1
m^[22m[39m[31m[1m^
[22m[39m[31m[1m^[
22m[39m[31m[1m^[22
m[39m[31m[1m^[22m
[39m[31m[1m^[22m[3
9m[31m[1m^[22m[39m
[31m[1m^[22m[39m[
31m[1m^[22m[39m[31
m[1m^[22m[39m[31m
[1m^[22m[39m[31m[1
m^[22m[39m[31m[1m^
[22m[39m[31m[1m^[
22m[39m[31m[1m^[22
m[39m[31m[1m^[22m
[39m[31m[1m^[22m[3
9m[31m[1m^[22m[39m
[31m[1m^[22m[39m[
31m[1m^[22m[39m[31
m[1m^[22m[39m[31m
[1m^[22m[39m[31m[1
m^[22m[39m[31m[1m^
[22m[39m[31m[1m^[
22m[39m[31m[1m^[22
m[39m[31m[1m^[22m
[39m[31m[1m^[22m[3
9m[31m[1m^[22m[39m
[31m[1m^[22m[39m[
31m[1m^[22m[39m[31
m[1m^[22m[39m[31m
[1m^[22m[39m[31m[1
m^[22m[39m[31m[1m^
[22m[39m[31m[1m^[
22m[39m[31m[1m^[22
m[39m[31m[1m^[22m
[39m[31m[1m^[22m[3
9m[31m[1m^[22m[39m
[31m[1m^[22m[39m[
31m[1m^[22m[39m[31
m[1m^[22m[39m[31m
[1m^[22m[39m[31m[1
m^[22m[39m[31m[1m^
[22m[39m[31m[1m^[
22m[39m[31m[1m^[22
m[39m[31m[1m^[22m
[39m[31m[1m^[22m[3
9m[31m[1m^[22m[39m
[31m[1m^[22m[39m[
31m[1m^[22m[39m[31
m[1m^[22m[39m[31m
[1m^[22m[39m[31m[1
m^[22m[39m[31m[1m^
[22m[39m[31m[1m^[
22m[39m[31m[1m^[22
m[39m[31m[1m^[22m
[39m[31m[1m^[22m[3
9m[31m[1m^[22m[39m
[31m[1m^[22m[39m[
31m[1m^[22m[39m[31
m[1m^[22m[39m[31m
[1m^[22m[39m[31m[1
m^[22m[39m[31m[1m^
[22m[39m[31m[1m^[
22m[39m[31m[1m^[22
m[39m[31m[1m^[22m
[39m[31m[1m^[22m[3
9m[31m[1m^[22m[39m
 [90m 7 |[39m 
[36mimport[39m { 
collection[33m,[39m 
getDocs[33m,[39m 
addDoc[33m,[39m 
updateDoc[33m,[39m 
deleteDoc[33m,[39m 
doc[33m,[39m getDoc 
} [36mfrom[39m [32m
'firebase/firestore'[
39m[33m;[39m
 [90m 8 |[39m 
[36mimport[39m { 
ref[33m,[39m uploadB
ytes[33m,[39m getDow
nloadURL[33m,[39m 
deleteObject } 
[36mfrom[39m [32m'f
irebase/storage'[39m
[33m;[39m
 [90m 9 |[39m 
[36mimport[39m { 
signOut[33m,[39m 
onAuthStateChanged } 
[36mfrom[39m [32m'f
irebase/auth'[39m[33
m;[39m[0m



Import traces:
  Client Component 
Browser:
    ./src/app/admin/bl
ogs/page.tsx [Client 
Component Browser]
    ./src/app/admin/bl
ogs/page.tsx [Server 
Component]

  Client Component 
SSR:
    ./src/app/admin/bl
ogs/page.tsx [Client 
Component SSR]
    ./src/app/admin/bl
ogs/page.tsx [Server 
Component]

https://nextjs.org/doc
s/messages/module-not-
found


./src/app/login/page.t
sx:13:1
Module not found: 
Can't resolve '@fortaw
esome/free-solid-svg-i
cons'
[0m [90m 11 |[39m 
[36mimport[39m { 
motion[33m,[39m [33
mAnimatePresence[39m 
} [36mfrom[39m [32m
'framer-motion'[39m[
33m;[39m
 [90m 12 |[39m 
[36mimport[39m { [3
3mFontAwesomeIcon[39m
 } [36mfrom[39m [32
m'@fortawesome/react-f
ontawesome'[39m[33m;
[39m
[31m[1m>[22m[39m[
90m 13 |[39m 
[36mimport[39m { 
faEnvelope[33m,[39m 
faLock[33m,[39m 
faUser[33m,[39m 
faArrowRight } 
[36mfrom[39m [32m'@
fortawesome/free-solid
-svg-icons'[39m[33m;
[39m
 [90m    |[39m [31m
[1m^[22m[39m[31m[
1m^[22m[39m[31m[1m
^[22m[39m[31m[1m^
[22m[39m[31m[1m^[2
2m[39m[31m[1m^[22m
[39m[31m[1m^[22m[
39m[31m[1m^[22m[39
m[31m[1m^[22m[39m
[31m[1m^[22m[39m[3
1m[1m^[22m[39m[31m
[1m^[22m[39m[31m[
1m^[22m[39m[31m[1m
^[22m[39m[31m[1m^
[22m[39m[31m[1m^[2
2m[39m[31m[1m^[22m
[39m[31m[1m^[22m[
39m[31m[1m^[22m[39
m[31m[1m^[22m[39m
[31m[1m^[22m[39m[3
1m[1m^[22m[39m[31m
[1m^[22m[39m[31m[
1m^[22m[39m[31m[1m
^[22m[39m[31m[1m^
[22m[39m[31m[1m^[2
2m[39m[31m[1m^[22m
[39m[31m[1m^[22m[
39m[31m[1m^[22m[39
m[31m[1m^[22m[39m
[31m[1m^[22m[39m[3
1m[1m^[22m[39m[31m
[1m^[22m[39m[31m[
1m^[22m[39m[31m[1m
^[22m[39m[31m[1m^
[22m[39m[31m[1m^[2
2m[39m[31m[1m^[22m
[39m[31m[1m^[22m[
39m[31m[1m^[22m[39
m[31m[1m^[22m[39m
[31m[1m^[22m[39m[3
1m[1m^[22m[39m[31m
[1m^[22m[39m[31m[
1m^[22m[39m[31m[1m
^[22m[39m[31m[1m^
[22m[39m[31m[1m^[2
2m[39m[31m[1m^[22m
[39m[31m[1m^[22m[
39m[31m[1m^[22m[39
m[31m[1m^[22m[39m
[31m[1m^[22m[39m[3
1m[1m^[22m[39m[31m
[1m^[22m[39m[31m[
1m^[22m[39m[31m[1m
^[22m[39m[31m[1m^
[22m[39m[31m[1m^[2
2m[39m[31m[1m^[22m
[39m[31m[1m^[22m[
39m[31m[1m^[22m[39
m[31m[1m^[22m[39m
[31m[1m^[22m[39m[3
1m[1m^[22m[39m[31m
[1m^[22m[39m[31m[
1m^[22m[39m[31m[1m
^[22m[39m[31m[1m^
[22m[39m[31m[1m^[2
2m[39m[31m[1m^[22m
[39m[31m[1m^[22m[
39m[31m[1m^[22m[39
m[31m[1m^[22m[39m
[31m[1m^[22m[39m[3
1m[1m^[22m[39m[31m
[1m^[22m[39m[31m[
1m^[22m[39m[31m[1m
^[22m[39m[31m[1m^
[22m[39m[31m[1m^[2
2m[39m[31m[1m^[22m
[39m[31m[1m^[22m[
39m[31m[1m^[22m[39
m[31m[1m^[22m[39m
[31m[1m^[22m[39m[3
1m[1m^[22m[39m[31m
[1m^[22m[39m[31m[
1m^[22m[39m[31m[1m
^[22m[39m[31m[1m^
[22m[39m[31m[1m^[2
2m[39m
 [90m 14 |[39m 
[36mimport[39m { 
faGoogle } 
[36mfrom[39m [32m'@
fortawesome/free-brand
s-svg-icons'[39m[33m
;[39m
 [90m 15 |[39m
 [90m 16 |[39m 
[36mexport[39m 
[36mdefault[39m 
[36mfunction[39m 
[33mLoginPage[39m() 
{[0m



Import traces:
  Client Component 
Browser:
    ./src/app/login/pa
ge.tsx [Client 
Component Browser]
    ./src/app/login/pa
ge.tsx [Server 
Component]

  Client Component 
SSR:
    ./src/app/login/pa
ge.tsx [Client 
Component SSR]
    ./src/app/login/pa
ge.tsx [Server 
Component]

https://nextjs.org/doc
s/messages/module-not-
found


./src/app/login/page.t
sx:9:1
Module not found: 
Can't resolve '@fortaw
esome/free-solid-svg-i
cons'
[0m [90m  7 |[39m 
[36mimport[39m { 
motion[33m,[39m [33
mAnimatePresence[39m 
} [36mfrom[39m [32m
'framer-motion'[39m[
33m;[39m
 [90m  8 |[39m 
[36mimport[39m { [3
3mFontAwesomeIcon[39m
 } [36mfrom[39m [32
m'@fortawesome/react-f
ontawesome'[39m[33m;
[39m
[31m[1m>[22m[39m[
90m  9 |[39m 
[36mimport[39m { 
faEnvelope[33m,[39m 
faLock[33m,[39m 
faUser[33m,[39m 
faArrowRight } 
[36mfrom[39m [32m'@
fortawesome/free-solid
-svg-icons'[39m[33m;
[39m
 [90m    |[39m [31m
[1m^[22m[39m[31m[
1m^[22m[39m[31m[1m
^[22m[39m[31m[1m^
[22m[39m[31m[1m^[2
2m[39m[31m[1m^[22m
[39m[31m[1m^[22m[
39m[31m[1m^[22m[39
m[31m[1m^[22m[39m
[31m[1m^[22m[39m[3
1m[1m^[22m[39m[31m
[1m^[22m[39m[31m[
1m^[22m[39m[31m[1m
^[22m[39m[31m[1m^
[22m[39m[31m[1m^[2
2m[39m[31m[1m^[22m
[39m[31m[1m^[22m[
39m[31m[1m^[22m[39
m[31m[1m^[22m[39m
[31m[1m^[22m[39m[3
1m[1m^[22m[39m[31m
[1m^[22m[39m[31m[
1m^[22m[39m[31m[1m
^[22m[39m[31m[1m^
[22m[39m[31m[1m^[2
2m[39m[31m[1m^[22m
[39m[31m[1m^[22m[
39m[31m[1m^[22m[39
m[31m[1m^[22m[39m
[31m[1m^[22m[39m[3
1m[1m^[22m[39m[31m
[1m^[22m[39m[31m[
1m^[22m[39m[31m[1m
^[22m[39m[31m[1m^
[22m[39m[31m[1m^[2
2m[39m[31m[1m^[22m
[39m[31m[1m^[22m[
39m[31m[1m^[22m[39
m[31m[1m^[22m[39m
[31m[1m^[22m[39m[3
1m[1m^[22m[39m[31m
[1m^[22m[39m[31m[
1m^[22m[39m[31m[1m
^[22m[39m[31m[1m^
[22m[39m[31m[1m^[2
2m[39m[31m[1m^[22m
[39m[31m[1m^[22m[
39m[31m[1m^[22m[39
m[31m[1m^[22m[39m
[31m[1m^[22m[39m[3
1m[1m^[22m[39m[31m
[1m^[22m[39m[31m[
1m^[22m[39m[31m[1m
^[22m[39m[31m[1m^
[22m[39m[31m[1m^[2
2m[39m[31m[1m^[22m
[39m[31m[1m^[22m[
39m[31m[1m^[22m[39
m[31m[1m^[22m[39m
[31m[1m^[22m[39m[3
1m[1m^[22m[39m[31m
[1m^[22m[39m[31m[
1m^[22m[39m[31m[1m
^[22m[39m[31m[1m^
[22m[39m[31m[1m^[2
2m[39m[31m[1m^[22m
[39m[31m[1m^[22m[
39m[31m[1m^[22m[39
m[31m[1m^[22m[39m
[31m[1m^[22m[39m[3
1m[1m^[22m[39m[31m
[1m^[22m[39m[31m[
1m^[22m[39m[31m[1m
^[22m[39m[31m[1m^
[22m[39m[31m[1m^[2
2m[39m[31m[1m^[22m
[39m[31m[1m^[22m[
39m[31m[1m^[22m[39
m[31m[1m^[22m[39m
[31m[1m^[22m[39m[3
1m[1m^[22m[39m[31m
[1m^[22m[39m[31m[
1m^[22m[39m[31m[1m
^[22m[39m[31m[1m^
[22m[39m[31m[1m^[2
2m[39m
 [90m 10 |[39m 
[36mimport[39m { 
faGoogle } 
[36mfrom[39m [32m'@
fortawesome/free-brand
s-svg-icons'[39m[33m
;[39m
 [90m 11 |[39m 
[36mexport[39m 
[36mdefault[39m 
[36mfunction[39m 
[33mLoginPage[39m() 
{
 [90m 12 |[39m   
[36mconst[39m 
[isLogin[33m,[39m 
setIsLogin] 
[33m=[39m useState(
[36mtrue[39m)[33m;[
39m[0m



Import traces:
  Client Component 
Browser:
    ./src/app/login/pa
ge.tsx [Client 
Component Browser]
    ./src/app/login/pa
ge.tsx [Server 
Component]

  Client Component 
SSR:
    ./src/app/login/pa
ge.tsx [Client 
Component SSR]
    ./src/app/login/pa
ge.tsx [Server 
Component]

https://nextjs.org/doc
s/messages/module-not-
found


./src/app/admin/blogs/
page.tsx:4:1
Module not found: 
Can't resolve '@fortaw
esome/react-fontawesom
e'
[0m [90m 2 |[39m 
[36mimport[39m [33m
React[39m[33m,[39m 
{ useState[33m,[39m 
useEffect[33m,[39m 
useRef } 
[36mfrom[39m [32m'r
eact'[39m[33m;[39m
 [90m 3 |[39m 
[36mimport[39m { 
motion[33m,[39m [33
mAnimatePresence[39m 
} [36mfrom[39m [32m
'framer-motion'[39m[
33m;[39m
[31m[1m>[22m[39m[
90m 4 |[39m 
[36mimport[39m { [3
3mFontAwesomeIcon[39m
 } [36mfrom[39m [32
m'@fortawesome/react-f
ontawesome'[39m[33m;
[39m
 [90m   |[39m [31m
[1m^[22m[39m[31m[1
m^[22m[39m[31m[1m^
[22m[39m[31m[1m^[
22m[39m[31m[1m^[22
m[39m[31m[1m^[22m
[39m[31m[1m^[22m[3
9m[31m[1m^[22m[39m
[31m[1m^[22m[39m[
31m[1m^[22m[39m[31
m[1m^[22m[39m[31m
[1m^[22m[39m[31m[1
m^[22m[39m[31m[1m^
[22m[39m[31m[1m^[
22m[39m[31m[1m^[22
m[39m[31m[1m^[22m
[39m[31m[1m^[22m[3
9m[31m[1m^[22m[39m
[31m[1m^[22m[39m[
31m[1m^[22m[39m[31
m[1m^[22m[39m[31m
[1m^[22m[39m[31m[1
m^[22m[39m[31m[1m^
[22m[39m[31m[1m^[
22m[39m[31m[1m^[22
m[39m[31m[1m^[22m
[39m[31m[1m^[22m[3
9m[31m[1m^[22m[39m
[31m[1m^[22m[39m[
31m[1m^[22m[39m[31
m[1m^[22m[39m[31m
[1m^[22m[39m[31m[1
m^[22m[39m[31m[1m^
[22m[39m[31m[1m^[
22m[39m[31m[1m^[22
m[39m[31m[1m^[22m
[39m[31m[1m^[22m[3
9m[31m[1m^[22m[39m
[31m[1m^[22m[39m[
31m[1m^[22m[39m[31
m[1m^[22m[39m[31m
[1m^[22m[39m[31m[1
m^[22m[39m[31m[1m^
[22m[39m[31m[1m^[
22m[39m[31m[1m^[22
m[39m[31m[1m^[22m
[39m[31m[1m^[22m[3
9m[31m[1m^[22m[39m
[31m[1m^[22m[39m[
31m[1m^[22m[39m[31
m[1m^[22m[39m[31m
[1m^[22m[39m[31m[1
m^[22m[39m[31m[1m^
[22m[39m[31m[1m^[
22m[39m[31m[1m^[22
m[39m[31m[1m^[22m
[39m[31m[1m^[22m[3
9m[31m[1m^[22m[39m
[31m[1m^[22m[39m[
31m[1m^[22m[39m
 [90m 5 |[39m 
[36mimport[39m { 
 [90m 6 |[39m   
faHome[33m,[39m 
faUsers[33m,[39m faC
hartLine[33m,[39m fa
ClipboardList[33m,[3
9m faCog[33m,[39m 
 [90m 7 |[39m   
faPlus[33m,[39m 
faEdit[33m,[39m 
faTrash[33m,[39m 
faUpload[33m,[39m 
faMagic[33m,[39m faS
earch[33m,[39m[0m



Import traces:
  Client Component 
Browser:
    ./src/app/admin/bl
ogs/page.tsx [Client 
Component Browser]
    ./src/app/admin/bl
ogs/page.tsx [Server 
Component]

  Client Component 
SSR:
    ./src/app/admin/bl
ogs/page.tsx [Client 
Component SSR]
    ./src/app/admin/bl
ogs/page.tsx [Server 
Component]

https://nextjs.org/doc
s/messages/module-not-
found


./src/app/admin/blogs/
page.tsx:5:1
Module not found: 
Can't resolve '@fortaw
esome/react-fontawesom
e'
[0m [90m 3 |[39m 
[36mimport[39m [33m
React[39m[33m,[39m 
{ useState[33m,[39m 
useEffect[33m,[39m 
useRef } 
[36mfrom[39m [32m'r
eact'[39m[33m;[39m
 [90m 4 |[39m 
[36mimport[39m { 
motion[33m,[39m [33
mAnimatePresence[39m 
} [36mfrom[39m [32m
'framer-motion'[39m[
33m;[39m
[31m[1m>[22m[39m[
90m 5 |[39m 
[36mimport[39m { [3
3mFontAwesomeIcon[39m
 } [36mfrom[39m [32
m'@fortawesome/react-f
ontawesome'[39m[33m;
[39m
 [90m   |[39m [31m
[1m^[22m[39m[31m[1
m^[22m[39m[31m[1m^
[22m[39m[31m[1m^[
22m[39m[31m[1m^[22
m[39m[31m[1m^[22m
[39m[31m[1m^[22m[3
9m[31m[1m^[22m[39m
[31m[1m^[22m[39m[
31m[1m^[22m[39m[31
m[1m^[22m[39m[31m
[1m^[22m[39m[31m[1
m^[22m[39m[31m[1m^
[22m[39m[31m[1m^[
22m[39m[31m[1m^[22
m[39m[31m[1m^[22m
[39m[31m[1m^[22m[3
9m[31m[1m^[22m[39m
[31m[1m^[22m[39m[
31m[1m^[22m[39m[31
m[1m^[22m[39m[31m
[1m^[22m[39m[31m[1
m^[22m[39m[31m[1m^
[22m[39m[31m[1m^[
22m[39m[31m[1m^[22
m[39m[31m[1m^[22m
[39m[31m[1m^[22m[3
9m[31m[1m^[22m[39m
[31m[1m^[22m[39m[
31m[1m^[22m[39m[31
m[1m^[22m[39m[31m
[1m^[22m[39m[31m[1
m^[22m[39m[31m[1m^
[22m[39m[31m[1m^[
22m[39m[31m[1m^[22
m[39m[31m[1m^[22m
[39m[31m[1m^[22m[3
9m[31m[1m^[22m[39m
[31m[1m^[22m[39m[
31m[1m^[22m[39m[31
m[1m^[22m[39m[31m
[1m^[22m[39m[31m[1
m^[22m[39m[31m[1m^
[22m[39m[31m[1m^[
22m[39m[31m[1m^[22
m[39m[31m[1m^[22m
[39m[31m[1m^[22m[3
9m[31m[1m^[22m[39m
[31m[1m^[22m[39m[
31m[1m^[22m[39m[31
m[1m^[22m[39m[31m
[1m^[22m[39m[31m[1
m^[22m[39m[31m[1m^
[22m[39m[31m[1m^[
22m[39m[31m[1m^[22
m[39m[31m[1m^[22m
[39m[31m[1m^[22m[3
9m[31m[1m^[22m[39m
[31m[1m^[22m[39m[
31m[1m^[22m[39m
 [90m 6 |[39m 
[36mimport[39m { 
faHome[33m,[39m 
faUsers[33m,[39m faC
hartLine[33m,[39m fa
ClipboardList[33m,[3
9m faCog[33m,[39m 
faPlus[33m,[39m 
faEdit[33m,[39m 
faTrash[33m,[39m 
faUpload[33m,[39m 
faMagic[33m,[39m 
faSearch[33m,[39m fa
EnvelopeOpenText[33m,
[39m faSignOutAlt[33
m,[39m 
faThLarge[33m,[39m 
faFileAlt[33m,[39m f
aQuestionCircle[33m,
[39m 
faStar[33m,[39m 
faTimes } 
[36mfrom[39m [32m'@
fortawesome/free-solid
-svg-icons'[39m[33m;
[39m
 [90m 7 |[39m 
[36mimport[39m { 
collection[33m,[39m 
getDocs[33m,[39m 
addDoc[33m,[39m 
updateDoc[33m,[39m 
deleteDoc[33m,[39m 
doc[33m,[39m getDoc 
} [36mfrom[39m [32m
'firebase/firestore'[
39m[33m;[39m
 [90m 8 |[39m 
[36mimport[39m { 
ref[33m,[39m uploadB
ytes[33m,[39m getDow
nloadURL[33m,[39m 
deleteObject } 
[36mfrom[39m [32m'f
irebase/storage'[39m
[33m;[39m[0m



Import traces:
  Client Component 
Browser:
    ./src/app/admin/bl
ogs/page.tsx [Client 
Component Browser]
    ./src/app/admin/bl
ogs/page.tsx [Server 
Component]

  Client Component 
SSR:
    ./src/app/admin/bl
ogs/page.tsx [Client 
Component SSR]
    ./src/app/admin/bl
ogs/page.tsx [Server 
Component]

https://nextjs.org/doc
s/messages/module-not-
found


./src/app/login/page.t
sx:12:1
Module not found: 
Can't resolve '@fortaw
esome/react-fontawesom
e'
[0m [90m 10 |[39m 
[36mimport[39m { 
useRouter } 
[36mfrom[39m [32m'n
ext/navigation'[39m[
33m;[39m
 [90m 11 |[39m 
[36mimport[39m { 
motion[33m,[39m [33
mAnimatePresence[39m 
} [36mfrom[39m [32m
'framer-motion'[39m[
33m;[39m
[31m[1m>[22m[39m[
90m 12 |[39m 
[36mimport[39m { [3
3mFontAwesomeIcon[39m
 } [36mfrom[39m [32
m'@fortawesome/react-f
ontawesome'[39m[33m;
[39m
 [90m    |[39m [31m
[1m^[22m[39m[31m[
1m^[22m[39m[31m[1m
^[22m[39m[31m[1m^
[22m[39m[31m[1m^[2
2m[39m[31m[1m^[22m
[39m[31m[1m^[22m[
39m[31m[1m^[22m[39
m[31m[1m^[22m[39m
[31m[1m^[22m[39m[3
1m[1m^[22m[39m[31m
[1m^[22m[39m[31m[
1m^[22m[39m[31m[1m
^[22m[39m[31m[1m^
[22m[39m[31m[1m^[2
2m[39m[31m[1m^[22m
[39m[31m[1m^[22m[
39m[31m[1m^[22m[39
m[31m[1m^[22m[39m
[31m[1m^[22m[39m[3
1m[1m^[22m[39m[31m
[1m^[22m[39m[31m[
1m^[22m[39m[31m[1m
^[22m[39m[31m[1m^
[22m[39m[31m[1m^[2
2m[39m[31m[1m^[22m
[39m[31m[1m^[22m[
39m[31m[1m^[22m[39
m[31m[1m^[22m[39m
[31m[1m^[22m[39m[3
1m[1m^[22m[39m[31m
[1m^[22m[39m[31m[
1m^[22m[39m[31m[1m
^[22m[39m[31m[1m^
[22m[39m[31m[1m^[2
2m[39m[31m[1m^[22m
[39m[31m[1m^[22m[
39m[31m[1m^[22m[39
m[31m[1m^[22m[39m
[31m[1m^[22m[39m[3
1m[1m^[22m[39m[31m
[1m^[22m[39m[31m[
1m^[22m[39m[31m[1m
^[22m[39m[31m[1m^
[22m[39m[31m[1m^[2
2m[39m[31m[1m^[22m
[39m[31m[1m^[22m[
39m[31m[1m^[22m[39
m[31m[1m^[22m[39m
[31m[1m^[22m[39m[3
1m[1m^[22m[39m[31m
[1m^[22m[39m[31m[
1m^[22m[39m[31m[1m
^[22m[39m[31m[1m^
[22m[39m[31m[1m^[2
2m[39m[31m[1m^[22m
[39m[31m[1m^[22m[
39m[31m[1m^[22m[39
m[31m[1m^[22m[39m
[31m[1m^[22m[39m
 [90m 13 |[39m 
[36mimport[39m { 
faEnvelope[33m,[39m 
faLock[33m,[39m 
faUser[33m,[39m 
faArrowRight } 
[36mfrom[39m [32m'@
fortawesome/free-solid
-svg-icons'[39m[33m;
[39m
 [90m 14 |[39m 
[36mimport[39m { 
faGoogle } 
[36mfrom[39m [32m'@
fortawesome/free-brand
s-svg-icons'[39m[33m
;[39m
 [90m 15 |[39m[0m



Import traces:
  Client Component 
Browser:
    ./src/app/login/pa
ge.tsx [Client 
Component Browser]
    ./src/app/login/pa
ge.tsx [Server 
Component]

  Client Component 
SSR:
    ./src/app/login/pa
ge.tsx [Client 
Component SSR]
    ./src/app/login/pa
ge.tsx [Server 
Component]

https://nextjs.org/doc
s/messages/module-not-
found


./src/app/login/page.t
sx:8:1
Module not found: 
Can't resolve '@fortaw
esome/react-fontawesom
e'
[0m [90m  6 |[39m 
[36mimport[39m { 
useRouter } 
[36mfrom[39m [32m'n
ext/navigation'[39m[
33m;[39m
 [90m  7 |[39m 
[36mimport[39m { 
motion[33m,[39m [33
mAnimatePresence[39m 
} [36mfrom[39m [32m
'framer-motion'[39m[
33m;[39m
[31m[1m>[22m[39m[
90m  8 |[39m 
[36mimport[39m { [3
3mFontAwesomeIcon[39m
 } [36mfrom[39m [32
m'@fortawesome/react-f
ontawesome'[39m[33m;
[39m
 [90m    |[39m [31m
[1m^[22m[39m[31m[
1m^[22m[39m[31m[1m
^[22m[39m[31m[1m^
[22m[39m[31m[1m^[2
2m[39m[31m[1m^[22m
[39m[31m[1m^[22m[
39m[31m[1m^[22m[39
m[31m[1m^[22m[39m
[31m[1m^[22m[39m[3
1m[1m^[22m[39m[31m
[1m^[22m[39m[31m[
1m^[22m[39m[31m[1m
^[22m[39m[31m[1m^
[22m[39m[31m[1m^[2
2m[39m[31m[1m^[22m
[39m[31m[1m^[22m[
39m[31m[1m^[22m[39
m[31m[1m^[22m[39m
[31m[1m^[22m[39m[3
1m[1m^[22m[39m[31m
[1m^[22m[39m[31m[
1m^[22m[39m[31m[1m
^[22m[39m[31m[1m^
[22m[39m[31m[1m^[2
2m[39m[31m[1m^[22m
[39m[31m[1m^[22m[
39m[31m[1m^[22m[39
m[31m[1m^[22m[39m
[31m[1m^[22m[39m[3
1m[1m^[22m[39m[31m
[1m^[22m[39m[31m[
1m^[22m[39m[31m[1m
^[22m[39m[31m[1m^
[22m[39m[31m[1m^[2
2m[39m[31m[1m^[22m
[39m[31m[1m^[22m[
39m[31m[1m^[22m[39
m[31m[1m^[22m[39m
[31m[1m^[22m[39m[3
1m[1m^[22m[39m[31m
[1m^[22m[39m[31m[
1m^[22m[39m[31m[1m
^[22m[39m[31m[1m^
[22m[39m[31m[1m^[2
2m[39m[31m[1m^[22m
[39m[31m[1m^[22m[
39m[31m[1m^[22m[39
m[31m[1m^[22m[39m
[31m[1m^[22m[39m[3
1m[1m^[22m[39m[31m
[1m^[22m[39m[31m[
1m^[22m[39m[31m[1m
^[22m[39m[31m[1m^
[22m[39m[31m[1m^[2
2m[39m[31m[1m^[22m
[39m[31m[1m^[22m[
39m[31m[1m^[22m[39
m[31m[1m^[22m[39m
[31m[1m^[22m[39m
 [90m  9 |[39m 
[36mimport[39m { 
faEnvelope[33m,[39m 
faLock[33m,[39m 
faUser[33m,[39m 
faArrowRight } 
[36mfrom[39m [32m'@
fortawesome/free-solid
-svg-icons'[39m[33m;
[39m
 [90m 10 |[39m 
[36mimport[39m { 
faGoogle } 
[36mfrom[39m [32m'@
fortawesome/free-brand
s-svg-icons'[39m[33m
;[39m
 [90m 11 |[39m 
[36mexport[39m 
[36mdefault[39m 
[36mfunction[39m 
[33mLoginPage[39m() 
{[0m



Import traces:
  Client Component 
Browser:
    ./src/app/login/pa
ge.tsx [Client 
Component Browser]
    ./src/app/login/pa
ge.tsx [Server 
Component]

  Client Component 
SSR:
    ./src/app/login/pa
ge.tsx [Client 
Component SSR]
    ./src/app/login/pa
ge.tsx [Server 
Component]

https://nextjs.org/doc
s/messages/module-not-
found


./src/components/Tipta
pEditor.tsx:20:1
Module not found: 
Can't resolve '@tiptap
/extension-code-block-
lowlight'
[0m [90m 18 |[39m 
[36mimport[39m { 
[33mSubscript[39m } 
[36mfrom[39m [32m'@
tiptap/extension-subsc
ript'[39m[33m;[39m
 [90m 19 |[39m 
[36mimport[39m { 
[33mSuperscript[39m 
} [36mfrom[39m [32m
'@tiptap/extension-sup
erscript'[39m[33m;[
39m
[31m[1m>[22m[39m[
90m 20 |[39m 
[36mimport[39m { [3
3mCodeBlockLowlight[3
9m } [36mfrom[39m [
32m'@tiptap/extension-
code-block-lowlight'[
39m[33m;[39m
 [90m    |[39m [31m
[1m^[22m[39m[31m[
1m^[22m[39m[31m[1m
^[22m[39m[31m[1m^
[22m[39m[31m[1m^[2
2m[39m[31m[1m^[22m
[39m[31m[1m^[22m[
39m[31m[1m^[22m[39
m[31m[1m^[22m[39m
[31m[1m^[22m[39m[3
1m[1m^[22m[39m[31m
[1m^[22m[39m[31m[
1m^[22m[39m[31m[1m
^[22m[39m[31m[1m^
[22m[39m[31m[1m^[2
2m[39m[31m[1m^[22m
[39m[31m[1m^[22m[
39m[31m[1m^[22m[39
m[31m[1m^[22m[39m
[31m[1m^[22m[39m[3
1m[1m^[22m[39m[31m
[1m^[22m[39m[31m[
1m^[22m[39m[31m[1m
^[22m[39m[31m[1m^
[22m[39m[31m[1m^[2
2m[39m[31m[1m^[22m
[39m[31m[1m^[22m[
39m[31m[1m^[22m[39
m[31m[1m^[22m[39m
[31m[1m^[22m[39m[3
1m[1m^[22m[39m[31m
[1m^[22m[39m[31m[
1m^[22m[39m[31m[1m
^[22m[39m[31m[1m^
[22m[39m[31m[1m^[2
2m[39m[31m[1m^[22m
[39m[31m[1m^[22m[
39m[31m[1m^[22m[39
m[31m[1m^[22m[39m
[31m[1m^[22m[39m[3
1m[1m^[22m[39m[31m
[1m^[22m[39m[31m[
1m^[22m[39m[31m[1m
^[22m[39m[31m[1m^
[22m[39m[31m[1m^[2
2m[39m[31m[1m^[22m
[39m[31m[1m^[22m[
39m[31m[1m^[22m[39
m[31m[1m^[22m[39m
[31m[1m^[22m[39m[3
1m[1m^[22m[39m[31m
[1m^[22m[39m[31m[
1m^[22m[39m[31m[1m
^[22m[39m[31m[1m^
[22m[39m[31m[1m^[2
2m[39m[31m[1m^[22m
[39m[31m[1m^[22m[
39m[31m[1m^[22m[39
m[31m[1m^[22m[39m
[31m[1m^[22m[39m[3
1m[1m^[22m[39m[31m
[1m^[22m[39m[31m[
1m^[22m[39m[31m[1m
^[22m[39m[31m[1m^
[22m[39m[31m[1m^[2
2m[39m[31m[1m^[22m
[39m[31m[1m^[22m[
39m[31m[1m^[22m[39
m
 [90m 21 |[39m 
[36mimport[39m { 
common[33m,[39m 
createLowlight } 
[36mfrom[39m [32m'l
owlight'[39m[33m;[3
9m
 [90m 22 |[39m 
[36mimport[39m { 
ref[33m,[39m uploadB
ytes[33m,[39m 
getDownloadURL } 
[36mfrom[39m [32m'f
irebase/storage'[39m
[33m;[39m
 [90m 23 |[39m 
[36mimport[39m { 
auth[33m,[39m 
storage[33m,[39m db 
} [36mfrom[39m [32m
'@/lib/firebase'[39m
[33m;[39m[0m



Import trace:
  Client Component 
Browser:
    ./src/components/T
iptapEditor.tsx 
[Client Component 
Browser]
    ./src/app/admin/bl
ogs/page.tsx [Client 
Component Browser]
    ./src/app/admin/bl
ogs/page.tsx [Server 
Component]

https://nextjs.org/doc
s/messages/module-not-
found


./src/components/Tipta
pEditor.tsx:11:1
Module not found: 
Can't resolve '@tiptap
/extension-color'
[0m [90m  9 |[39m 
[36mimport[39m { 
[33mTextAlign[39m } 
[36mfrom[39m [32m'@
tiptap/extension-text-
align'[39m[33m;[39m
 [90m 10 |[39m 
[36mimport[39m { 
[33mUnderline[39m } 
[36mfrom[39m [32m'@
tiptap/extension-under
line'[39m[33m;[39m
[31m[1m>[22m[39m[
90m 11 |[39m 
[36mimport[39m { 
[33mColor[39m } 
[36mfrom[39m [32m'@
tiptap/extension-color
'[39m[33m;[39m
 [90m    |[39m [31m
[1m^[22m[39m[31m[
1m^[22m[39m[31m[1m
^[22m[39m[31m[1m^
[22m[39m[31m[1m^[2
2m[39m[31m[1m^[22m
[39m[31m[1m^[22m[
39m[31m[1m^[22m[39
m[31m[1m^[22m[39m
[31m[1m^[22m[39m[3
1m[1m^[22m[39m[31m
[1m^[22m[39m[31m[
1m^[22m[39m[31m[1m
^[22m[39m[31m[1m^
[22m[39m[31m[1m^[2
2m[39m[31m[1m^[22m
[39m[31m[1m^[22m[
39m[31m[1m^[22m[39
m[31m[1m^[22m[39m
[31m[1m^[22m[39m[3
1m[1m^[22m[39m[31m
[1m^[22m[39m[31m[
1m^[22m[39m[31m[1m
^[22m[39m[31m[1m^
[22m[39m[31m[1m^[2
2m[39m[31m[1m^[22m
[39m[31m[1m^[22m[
39m[31m[1m^[22m[39
m[31m[1m^[22m[39m
[31m[1m^[22m[39m[3
1m[1m^[22m[39m[31m
[1m^[22m[39m[31m[
1m^[22m[39m[31m[1m
^[22m[39m[31m[1m^
[22m[39m[31m[1m^[2
2m[39m[31m[1m^[22m
[39m[31m[1m^[22m[
39m[31m[1m^[22m[39
m[31m[1m^[22m[39m
[31m[1m^[22m[39m[3
1m[1m^[22m[39m[31m
[1m^[22m[39m[31m[
1m^[22m[39m[31m[1m
^[22m[39m[31m[1m^
[22m[39m
 [90m 12 |[39m 
[36mimport[39m { 
[33mTextStyle[39m } 
[36mfrom[39m [32m'@
tiptap/extension-text-
style'[39m[33m;[39m
 [90m 13 |[39m 
[36mimport[39m { 
[33mHighlight[39m } 
[36mfrom[39m [32m'@
tiptap/extension-highl
ight'[39m[33m;[39m
 [90m 14 |[39m 
[36mimport[39m { 
[33mTable[39m } 
[36mfrom[39m [32m'@
tiptap/extension-table
'[39m[33m;[39m[0m



Import trace:
  Client Component 
Browser:
    ./src/components/T
iptapEditor.tsx 
[Client Component 
Browser]
    ./src/app/admin/bl
ogs/page.tsx [Client 
Component Browser]
    ./src/app/admin/bl
ogs/page.tsx [Server 
Component]

https://nextjs.org/doc
s/messages/module-not-
found


./src/components/Tipta
pEditor.tsx:13:1
Module not found: 
Can't resolve '@tiptap
/extension-highlight'
[0m [90m 11 |[39m 
[36mimport[39m { 
[33mColor[39m } 
[36mfrom[39m [32m'@
tiptap/extension-color
'[39m[33m;[39m
 [90m 12 |[39m 
[36mimport[39m { 
[33mTextStyle[39m } 
[36mfrom[39m [32m'@
tiptap/extension-text-
style'[39m[33m;[39m
[31m[1m>[22m[39m[
90m 13 |[39m 
[36mimport[39m { 
[33mHighlight[39m } 
[36mfrom[39m [32m'@
tiptap/extension-highl
ight'[39m[33m;[39m
 [90m    |[39m [31m
[1m^[22m[39m[31m[
1m^[22m[39m[31m[1m
^[22m[39m[31m[1m^
[22m[39m[31m[1m^[2
2m[39m[31m[1m^[22m
[39m[31m[1m^[22m[
39m[31m[1m^[22m[39
m[31m[1m^[22m[39m
[31m[1m^[22m[39m[3
1m[1m^[22m[39m[31m
[1m^[22m[39m[31m[
1m^[22m[39m[31m[1m
^[22m[39m[31m[1m^
[22m[39m[31m[1m^[2
2m[39m[31m[1m^[22m
[39m[31m[1m^[22m[
39m[31m[1m^[22m[39
m[31m[1m^[22m[39m
[31m[1m^[22m[39m[3
1m[1m^[22m[39m[31m
[1m^[22m[39m[31m[
1m^[22m[39m[31m[1m
^[22m[39m[31m[1m^
[22m[39m[31m[1m^[2
2m[39m[31m[1m^[22m
[39m[31m[1m^[22m[
39m[31m[1m^[22m[39
m[31m[1m^[22m[39m
[31m[1m^[22m[39m[3
1m[1m^[22m[39m[31m
[1m^[22m[39m[31m[
1m^[22m[39m[31m[1m
^[22m[39m[31m[1m^
[22m[39m[31m[1m^[2
2m[39m[31m[1m^[22m
[39m[31m[1m^[22m[
39m[31m[1m^[22m[39
m[31m[1m^[22m[39m
[31m[1m^[22m[39m[3
1m[1m^[22m[39m[31m
[1m^[22m[39m[31m[
1m^[22m[39m[31m[1m
^[22m[39m[31m[1m^
[22m[39m[31m[1m^[2
2m[39m[31m[1m^[22m
[39m[31m[1m^[22m[
39m[31m[1m^[22m[39
m[31m[1m^[22m[39m
[31m[1m^[22m[39m[3
1m[1m^[22m[39m[31m
[1m^[22m[39m
 [90m 14 |[39m 
[36mimport[39m { 
[33mTable[39m } 
[36mfrom[39m [32m'@
tiptap/extension-table
'[39m[33m;[39m
 [90m 15 |[39m 
[36mimport[39m { 
[33mTableRow[39m } 
[36mfrom[39m [32m'@
tiptap/extension-table
-row'[39m[33m;[39m
 [90m 16 |[39m 
[36mimport[39m { 
[33mTableCell[39m } 
[36mfrom[39m [32m'@
tiptap/extension-table
-cell'[39m[33m;[39m
[0m



Import trace:
  Client Component 
Browser:
    ./src/components/T
iptapEditor.tsx 
[Client Component 
Browser]
    ./src/app/admin/bl
ogs/page.tsx [Client 
Component Browser]
    ./src/app/admin/bl
ogs/page.tsx [Server 
Component]

https://nextjs.org/doc
s/messages/module-not-
found


./src/components/Tipta
pEditor.tsx:7:1
Module not found: 
Can't resolve '@tiptap
/extension-image'
[0m [90m  5 |[39m 
[36mimport[39m { 
useEditor[33m,[39m 
[33mEditorContent[39m
 } [36mfrom[39m [32
m'@tiptap/react'[39m
[33m;[39m
 [90m  6 |[39m 
[36mimport[39m 
[33mStarterKit[39m 
[36mfrom[39m [32m'@
tiptap/starter-kit'[3
9m[33m;[39m
[31m[1m>[22m[39m[
90m  7 |[39m 
[36mimport[39m { 
[33mImage[39m } 
[36mfrom[39m [32m'@
tiptap/extension-image
'[39m[33m;[39m
 [90m    |[39m [31m
[1m^[22m[39m[31m[
1m^[22m[39m[31m[1m
^[22m[39m[31m[1m^
[22m[39m[31m[1m^[2
2m[39m[31m[1m^[22m
[39m[31m[1m^[22m[
39m[31m[1m^[22m[39
m[31m[1m^[22m[39m
[31m[1m^[22m[39m[3
1m[1m^[22m[39m[31m
[1m^[22m[39m[31m[
1m^[22m[39m[31m[1m
^[22m[39m[31m[1m^
[22m[39m[31m[1m^[2
2m[39m[31m[1m^[22m
[39m[31m[1m^[22m[
39m[31m[1m^[22m[39
m[31m[1m^[22m[39m
[31m[1m^[22m[39m[3
1m[1m^[22m[39m[31m
[1m^[22m[39m[31m[
1m^[22m[39m[31m[1m
^[22m[39m[31m[1m^
[22m[39m[31m[1m^[2
2m[39m[31m[1m^[22m
[39m[31m[1m^[22m[
39m[31m[1m^[22m[39
m[31m[1m^[22m[39m
[31m[1m^[22m[39m[3
1m[1m^[22m[39m[31m
[1m^[22m[39m[31m[
1m^[22m[39m[31m[1m
^[22m[39m[31m[1m^
[22m[39m[31m[1m^[2
2m[39m[31m[1m^[22m
[39m[31m[1m^[22m[
39m[31m[1m^[22m[39
m[31m[1m^[22m[39m
[31m[1m^[22m[39m[3
1m[1m^[22m[39m[31m
[1m^[22m[39m[31m[
1m^[22m[39m[31m[1m
^[22m[39m[31m[1m^
[22m[39m
 [90m  8 |[39m 
[36mimport[39m { 
[33mLink[39m } 
[36mfrom[39m [32m'@
tiptap/extension-link'
[39m[33m;[39m
 [90m  9 |[39m 
[36mimport[39m { 
[33mTextAlign[39m } 
[36mfrom[39m [32m'@
tiptap/extension-text-
align'[39m[33m;[39m
 [90m 10 |[39m 
[36mimport[39m { 
[33mUnderline[39m } 
[36mfrom[39m [32m'@
tiptap/extension-under
line'[39m[33m;[39m
[0m



Import trace:
  Client Component 
Browser:
    ./src/components/T
iptapEditor.tsx 
[Client Component 
Browser]
    ./src/app/admin/bl
ogs/page.tsx [Client 
Component Browser]
    ./src/app/admin/bl
ogs/page.tsx [Server 
Component]

https://nextjs.org/doc
s/messages/module-not-
found


./src/components/Tipta
pEditor.tsx:8:1
Module not found: 
Can't resolve '@tiptap
/extension-link'
[0m [90m  6 |[39m 
[36mimport[39m 
[33mStarterKit[39m 
[36mfrom[39m [32m'@
tiptap/starter-kit'[3
9m[33m;[39m
 [90m  7 |[39m 
[36mimport[39m { 
[33mImage[39m } 
[36mfrom[39m [32m'@
tiptap/extension-image
'[39m[33m;[39m
[31m[1m>[22m[39m[
90m  8 |[39m 
[36mimport[39m { 
[33mLink[39m } 
[36mfrom[39m [32m'@
tiptap/extension-link'
[39m[33m;[39m
 [90m    |[39m [31m
[1m^[22m[39m[31m[
1m^[22m[39m[31m[1m
^[22m[39m[31m[1m^
[22m[39m[31m[1m^[2
2m[39m[31m[1m^[22m
[39m[31m[1m^[22m[
39m[31m[1m^[22m[39
m[31m[1m^[22m[39m
[31m[1m^[22m[39m[3
1m[1m^[22m[39m[31m
[1m^[22m[39m[31m[
1m^[22m[39m[31m[1m
^[22m[39m[31m[1m^
[22m[39m[31m[1m^[2
2m[39m[31m[1m^[22m
[39m[31m[1m^[22m[
39m[31m[1m^[22m[39
m[31m[1m^[22m[39m
[31m[1m^[22m[39m[3
1m[1m^[22m[39m[31m
[1m^[22m[39m[31m[
1m^[22m[39m[31m[1m
^[22m[39m[31m[1m^
[22m[39m[31m[1m^[2
2m[39m[31m[1m^[22m
[39m[31m[1m^[22m[
39m[31m[1m^[22m[39
m[31m[1m^[22m[39m
[31m[1m^[22m[39m[3
1m[1m^[22m[39m[31m
[1m^[22m[39m[31m[
1m^[22m[39m[31m[1m
^[22m[39m[31m[1m^
[22m[39m[31m[1m^[2
2m[39m[31m[1m^[22m
[39m[31m[1m^[22m[
39m[31m[1m^[22m[39
m[31m[1m^[22m[39m
[31m[1m^[22m[39m[3
1m[1m^[22m[39m[31m
[1m^[22m[39m[31m[
1m^[22m[39m
 [90m  9 |[39m 
[36mimport[39m { 
[33mTextAlign[39m } 
[36mfrom[39m [32m'@
tiptap/extension-text-
align'[39m[33m;[39m
 [90m 10 |[39m 
[36mimport[39m { 
[33mUnderline[39m } 
[36mfrom[39m [32m'@
tiptap/extension-under
line'[39m[33m;[39m
 [90m 11 |[39m 
[36mimport[39m { 
[33mColor[39m } 
[36mfrom[39m [32m'@
tiptap/extension-color
'[39m[33m;[39m[0m



Import trace:
  Client Component 
Browser:
    ./src/components/T
iptapEditor.tsx 
[Client Component 
Browser]
    ./src/app/admin/bl
ogs/page.tsx [Client 
Component Browser]
    ./src/app/admin/bl
ogs/page.tsx [Server 
Component]

https://nextjs.org/doc
s/messages/module-not-
found


./src/components/Tipta
pEditor.tsx:18:1
Module not found: 
Can't resolve '@tiptap
/extension-subscript'
[0m [90m 16 |[39m 
[36mimport[39m { 
[33mTableCell[39m } 
[36mfrom[39m [32m'@
tiptap/extension-table
-cell'[39m[33m;[39m
 [90m 17 |[39m 
[36mimport[39m { 
[33mTableHeader[39m 
} [36mfrom[39m [32m
'@tiptap/extension-tab
le-header'[39m[33m;
[39m
[31m[1m>[22m[39m[
90m 18 |[39m 
[36mimport[39m { 
[33mSubscript[39m } 
[36mfrom[39m [32m'@
tiptap/extension-subsc
ript'[39m[33m;[39m
 [90m    |[39m [31m
[1m^[22m[39m[31m[
1m^[22m[39m[31m[1m
^[22m[39m[31m[1m^
[22m[39m[31m[1m^[2
2m[39m[31m[1m^[22m
[39m[31m[1m^[22m[
39m[31m[1m^[22m[39
m[31m[1m^[22m[39m
[31m[1m^[22m[39m[3
1m[1m^[22m[39m[31m
[1m^[22m[39m[31m[
1m^[22m[39m[31m[1m
^[22m[39m[31m[1m^
[22m[39m[31m[1m^[2
2m[39m[31m[1m^[22m
[39m[31m[1m^[22m[
39m[31m[1m^[22m[39
m[31m[1m^[22m[39m
[31m[1m^[22m[39m[3
1m[1m^[22m[39m[31m
[1m^[22m[39m[31m[
1m^[22m[39m[31m[1m
^[22m[39m[31m[1m^
[22m[39m[31m[1m^[2
2m[39m[31m[1m^[22m
[39m[31m[1m^[22m[
39m[31m[1m^[22m[39
m[31m[1m^[22m[39m
[31m[1m^[22m[39m[3
1m[1m^[22m[39m[31m
[1m^[22m[39m[31m[
1m^[22m[39m[31m[1m
^[22m[39m[31m[1m^
[22m[39m[31m[1m^[2
2m[39m[31m[1m^[22m
[39m[31m[1m^[22m[
39m[31m[1m^[22m[39
m[31m[1m^[22m[39m
[31m[1m^[22m[39m[3
1m[1m^[22m[39m[31m
[1m^[22m[39m[31m[
1m^[22m[39m[31m[1m
^[22m[39m[31m[1m^
[22m[39m[31m[1m^[2
2m[39m[31m[1m^[22m
[39m[31m[1m^[22m[
39m[31m[1m^[22m[39
m[31m[1m^[22m[39m
[31m[1m^[22m[39m[3
1m[1m^[22m[39m[31m
[1m^[22m[39m
 [90m 19 |[39m 
[36mimport[39m { 
[33mSuperscript[39m 
} [36mfrom[39m [32m
'@tiptap/extension-sup
erscript'[39m[33m;[
39m
 [90m 20 |[39m 
[36mimport[39m { [3
3mCodeBlockLowlight[3
9m } [36mfrom[39m [
32m'@tiptap/extension-
code-block-lowlight'[
39m[33m;[39m
 [90m 21 |[39m 
[36mimport[39m { 
common[33m,[39m 
createLowlight } 
[36mfrom[39m [32m'l
owlight'[39m[33m;[3
9m[0m



Import trace:
  Client Component 
Browser:
    ./src/components/T
iptapEditor.tsx 
[Client Component 
Browser]
    ./src/app/admin/bl
ogs/page.tsx [Client 
Component Browser]
    ./src/app/admin/bl
ogs/page.tsx [Server 
Component]

https://nextjs.org/doc
s/messages/module-not-
found


./src/components/Tipta
pEditor.tsx:19:1
Module not found: 
Can't resolve '@tiptap
/extension-superscript
'
[0m [90m 17 |[39m 
[36mimport[39m { 
[33mTableHeader[39m 
} [36mfrom[39m [32m
'@tiptap/extension-tab
le-header'[39m[33m;
[39m
 [90m 18 |[39m 
[36mimport[39m { 
[33mSubscript[39m } 
[36mfrom[39m [32m'@
tiptap/extension-subsc
ript'[39m[33m;[39m
[31m[1m>[22m[39m[
90m 19 |[39m 
[36mimport[39m { 
[33mSuperscript[39m 
} [36mfrom[39m [32m
'@tiptap/extension-sup
erscript'[39m[33m;[
39m
 [90m    |[39m [31m
[1m^[22m[39m[31m[
1m^[22m[39m[31m[1m
^[22m[39m[31m[1m^
[22m[39m[31m[1m^[2
2m[39m[31m[1m^[22m
[39m[31m[1m^[22m[
39m[31m[1m^[22m[39
m[31m[1m^[22m[39m
[31m[1m^[22m[39m[3
1m[1m^[22m[39m[31m
[1m^[22m[39m[31m[
1m^[22m[39m[31m[1m
^[22m[39m[31m[1m^
[22m[39m[31m[1m^[2
2m[39m[31m[1m^[22m
[39m[31m[1m^[22m[
39m[31m[1m^[22m[39
m[31m[1m^[22m[39m
[31m[1m^[22m[39m[3
1m[1m^[22m[39m[31m
[1m^[22m[39m[31m[
1m^[22m[39m[31m[1m
^[22m[39m[31m[1m^
[22m[39m[31m[1m^[2
2m[39m[31m[1m^[22m
[39m[31m[1m^[22m[
39m[31m[1m^[22m[39
m[31m[1m^[22m[39m
[31m[1m^[22m[39m[3
1m[1m^[22m[39m[31m
[1m^[22m[39m[31m[
1m^[22m[39m[31m[1m
^[22m[39m[31m[1m^
[22m[39m[31m[1m^[2
2m[39m[31m[1m^[22m
[39m[31m[1m^[22m[
39m[31m[1m^[22m[39
m[31m[1m^[22m[39m
[31m[1m^[22m[39m[3
1m[1m^[22m[39m[31m
[1m^[22m[39m[31m[
1m^[22m[39m[31m[1m
^[22m[39m[31m[1m^
[22m[39m[31m[1m^[2
2m[39m[31m[1m^[22m
[39m[31m[1m^[22m[
39m[31m[1m^[22m[39
m[31m[1m^[22m[39m
[31m[1m^[22m[39m[3
1m[1m^[22m[39m[31m
[1m^[22m[39m[31m[
1m^[22m[39m[31m[1m
^[22m[39m[31m[1m^
[22m[39m[31m[1m^[2
2m[39m
 [90m 20 |[39m 
[36mimport[39m { [3
3mCodeBlockLowlight[3
9m } [36mfrom[39m [
32m'@tiptap/extension-
code-block-lowlight'[
39m[33m;[39m
 [90m 21 |[39m 
[36mimport[39m { 
common[33m,[39m 
createLowlight } 
[36mfrom[39m [32m'l
owlight'[39m[33m;[3
9m
 [90m 22 |[39m 
[36mimport[39m { 
ref[33m,[39m uploadB
ytes[33m,[39m 
getDownloadURL } 
[36mfrom[39m [32m'f
irebase/storage'[39m
[33m;[39m[0m



Import trace:
  Client Component 
Browser:
    ./src/components/T
iptapEditor.tsx 
[Client Component 
Browser]
    ./src/app/admin/bl
ogs/page.tsx [Client 
Component Browser]
    ./src/app/admin/bl
ogs/page.tsx [Server 
Component]

https://nextjs.org/doc
s/messages/module-not-
found


./src/components/Tipta
pEditor.tsx:14:1
Module not found: 
Can't resolve '@tiptap
/extension-table'
[0m [90m 12 |[39m 
[36mimport[39m { 
[33mTextStyle[39m } 
[36mfrom[39m [32m'@
tiptap/extension-text-
style'[39m[33m;[39m
 [90m 13 |[39m 
[36mimport[39m { 
[33mHighlight[39m } 
[36mfrom[39m [32m'@
tiptap/extension-highl
ight'[39m[33m;[39m
[31m[1m>[22m[39m[
90m 14 |[39m 
[36mimport[39m { 
[33mTable[39m } 
[36mfrom[39m [32m'@
tiptap/extension-table
'[39m[33m;[39m
 [90m    |[39m [31m
[1m^[22m[39m[31m[
1m^[22m[39m[31m[1m
^[22m[39m[31m[1m^
[22m[39m[31m[1m^[2
2m[39m[31m[1m^[22m
[39m[31m[1m^[22m[
39m[31m[1m^[22m[39
m[31m[1m^[22m[39m
[31m[1m^[22m[39m[3
1m[1m^[22m[39m[31m
[1m^[22m[39m[31m[
1m^[22m[39m[31m[1m
^[22m[39m[31m[1m^
[22m[39m[31m[1m^[2
2m[39m[31m[1m^[22m
[39m[31m[1m^[22m[
39m[31m[1m^[22m[39
m[31m[1m^[22m[39m
[31m[1m^[22m[39m[3
1m[1m^[22m[39m[31m
[1m^[22m[39m[31m[
1m^[22m[39m[31m[1m
^[22m[39m[31m[1m^
[22m[39m[31m[1m^[2
2m[39m[31m[1m^[22m
[39m[31m[1m^[22m[
39m[31m[1m^[22m[39
m[31m[1m^[22m[39m
[31m[1m^[22m[39m[3
1m[1m^[22m[39m[31m
[1m^[22m[39m[31m[
1m^[22m[39m[31m[1m
^[22m[39m[31m[1m^
[22m[39m[31m[1m^[2
2m[39m[31m[1m^[22m
[39m[31m[1m^[22m[
39m[31m[1m^[22m[39
m[31m[1m^[22m[39m
[31m[1m^[22m[39m[3
1m[1m^[22m[39m[31m
[1m^[22m[39m[31m[
1m^[22m[39m[31m[1m
^[22m[39m[31m[1m^
[22m[39m
 [90m 15 |[39m 
[36mimport[39m { 
[33mTableRow[39m } 
[36mfrom[39m [32m'@
tiptap/extension-table
-row'[39m[33m;[39m
 [90m 16 |[39m 
[36mimport[39m { 
[33mTableCell[39m } 
[36mfrom[39m [32m'@
tiptap/extension-table
-cell'[39m[33m;[39m
 [90m 17 |[39m 
[36mimport[39m { 
[33mTableHeader[39m 
} [36mfrom[39m [32m
'@tiptap/extension-tab
le-header'[39m[33m;
[39m[0m



Import trace:
  Client Component 
Browser:
    ./src/components/T
iptapEditor.tsx 
[Client Component 
Browser]
    ./src/app/admin/bl
ogs/page.tsx [Client 
Component Browser]
    ./src/app/admin/bl
ogs/page.tsx [Server 
Component]

https://nextjs.org/doc
s/messages/module-not-
found


./src/components/Tipta
pEditor.tsx:16:1
Module not found: 
Can't resolve '@tiptap
/extension-table-cell'
[0m [90m 14 |[39m 
[36mimport[39m { 
[33mTable[39m } 
[36mfrom[39m [32m'@
tiptap/extension-table
'[39m[33m;[39m
 [90m 15 |[39m 
[36mimport[39m { 
[33mTableRow[39m } 
[36mfrom[39m [32m'@
tiptap/extension-table
-row'[39m[33m;[39m
[31m[1m>[22m[39m[
90m 16 |[39m 
[36mimport[39m { 
[33mTableCell[39m } 
[36mfrom[39m [32m'@
tiptap/extension-table
-cell'[39m[33m;[39m
 [90m    |[39m [31m
[1m^[22m[39m[31m[
1m^[22m[39m[31m[1m
^[22m[39m[31m[1m^
[22m[39m[31m[1m^[2
2m[39m[31m[1m^[22m
[39m[31m[1m^[22m[
39m[31m[1m^[22m[39
m[31m[1m^[22m[39m
[31m[1m^[22m[39m[3
1m[1m^[22m[39m[31m
[1m^[22m[39m[31m[
1m^[22m[39m[31m[1m
^[22m[39m[31m[1m^
[22m[39m[31m[1m^[2
2m[39m[31m[1m^[22m
[39m[31m[1m^[22m[
39m[31m[1m^[22m[39
m[31m[1m^[22m[39m
[31m[1m^[22m[39m[3
1m[1m^[22m[39m[31m
[1m^[22m[39m[31m[
1m^[22m[39m[31m[1m
^[22m[39m[31m[1m^
[22m[39m[31m[1m^[2
2m[39m[31m[1m^[22m
[39m[31m[1m^[22m[
39m[31m[1m^[22m[39
m[31m[1m^[22m[39m
[31m[1m^[22m[39m[3
1m[1m^[22m[39m[31m
[1m^[22m[39m[31m[
1m^[22m[39m[31m[1m
^[22m[39m[31m[1m^
[22m[39m[31m[1m^[2
2m[39m[31m[1m^[22m
[39m[31m[1m^[22m[
39m[31m[1m^[22m[39
m[31m[1m^[22m[39m
[31m[1m^[22m[39m[3
1m[1m^[22m[39m[31m
[1m^[22m[39m[31m[
1m^[22m[39m[31m[1m
^[22m[39m[31m[1m^
[22m[39m[31m[1m^[2
2m[39m[31m[1m^[22m
[39m[31m[1m^[22m[
39m[31m[1m^[22m[39
m[31m[1m^[22m[39m
[31m[1m^[22m[39m[3
1m[1m^[22m[39m[31m
[1m^[22m[39m[31m[
1m^[22m[39m
 [90m 17 |[39m 
[36mimport[39m { 
[33mTableHeader[39m 
} [36mfrom[39m [32m
'@tiptap/extension-tab
le-header'[39m[33m;
[39m
 [90m 18 |[39m 
[36mimport[39m { 
[33mSubscript[39m } 
[36mfrom[39m [32m'@
tiptap/extension-subsc
ript'[39m[33m;[39m
 [90m 19 |[39m 
[36mimport[39m { 
[33mSuperscript[39m 
} [36mfrom[39m [32m
'@tiptap/extension-sup
erscript'[39m[33m;[
39m[0m



Import trace:
  Client Component 
Browser:
    ./src/components/T
iptapEditor.tsx 
[Client Component 
Browser]
    ./src/app/admin/bl
ogs/page.tsx [Client 
Component Browser]
    ./src/app/admin/bl
ogs/page.tsx [Server 
Component]

https://nextjs.org/doc
s/messages/module-not-
found


./src/components/Tipta
pEditor.tsx:17:1
Module not found: 
Can't resolve '@tiptap
/extension-table-heade
r'
[0m [90m 15 |[39m 
[36mimport[39m { 
[33mTableRow[39m } 
[36mfrom[39m [32m'@
tiptap/extension-table
-row'[39m[33m;[39m
 [90m 16 |[39m 
[36mimport[39m { 
[33mTableCell[39m } 
[36mfrom[39m [32m'@
tiptap/extension-table
-cell'[39m[33m;[39m
[31m[1m>[22m[39m[
90m 17 |[39m 
[36mimport[39m { 
[33mTableHeader[39m 
} [36mfrom[39m [32m
'@tiptap/extension-tab
le-header'[39m[33m;
[39m
 [90m    |[39m [31m
[1m^[22m[39m[31m[
1m^[22m[39m[31m[1m
^[22m[39m[31m[1m^
[22m[39m[31m[1m^[2
2m[39m[31m[1m^[22m
[39m[31m[1m^[22m[
39m[31m[1m^[22m[39
m[31m[1m^[22m[39m
[31m[1m^[22m[39m[3
1m[1m^[22m[39m[31m
[1m^[22m[39m[31m[
1m^[22m[39m[31m[1m
^[22m[39m[31m[1m^
[22m[39m[31m[1m^[2
2m[39m[31m[1m^[22m
[39m[31m[1m^[22m[
39m[31m[1m^[22m[39
m[31m[1m^[22m[39m
[31m[1m^[22m[39m[3
1m[1m^[22m[39m[31m
[1m^[22m[39m[31m[
1m^[22m[39m[31m[1m
^[22m[39m[31m[1m^
[22m[39m[31m[1m^[2
2m[39m[31m[1m^[22m
[39m[31m[1m^[22m[
39m[31m[1m^[22m[39
m[31m[1m^[22m[39m
[31m[1m^[22m[39m[3
1m[1m^[22m[39m[31m
[1m^[22m[39m[31m[
1m^[22m[39m[31m[1m
^[22m[39m[31m[1m^
[22m[39m[31m[1m^[2
2m[39m[31m[1m^[22m
[39m[31m[1m^[22m[
39m[31m[1m^[22m[39
m[31m[1m^[22m[39m
[31m[1m^[22m[39m[3
1m[1m^[22m[39m[31m
[1m^[22m[39m[31m[
1m^[22m[39m[31m[1m
^[22m[39m[31m[1m^
[22m[39m[31m[1m^[2
2m[39m[31m[1m^[22m
[39m[31m[1m^[22m[
39m[31m[1m^[22m[39
m[31m[1m^[22m[39m
[31m[1m^[22m[39m[3
1m[1m^[22m[39m[31m
[1m^[22m[39m[31m[
1m^[22m[39m[31m[1m
^[22m[39m[31m[1m^
[22m[39m[31m[1m^[2
2m[39m[31m[1m^[22m
[39m
 [90m 18 |[39m 
[36mimport[39m { 
[33mSubscript[39m } 
[36mfrom[39m [32m'@
tiptap/extension-subsc
ript'[39m[33m;[39m
 [90m 19 |[39m 
[36mimport[39m { 
[33mSuperscript[39m 
} [36mfrom[39m [32m
'@tiptap/extension-sup
erscript'[39m[33m;[
39m
 [90m 20 |[39m 
[36mimport[39m { [3
3mCodeBlockLowlight[3
9m } [36mfrom[39m [
32m'@tiptap/extension-
code-block-lowlight'[
39m[33m;[39m[0m



Import trace:
  Client Component 
Browser:
    ./src/components/T
iptapEditor.tsx 
[Client Component 
Browser]
    ./src/app/admin/bl
ogs/page.tsx [Client 
Component Browser]
    ./src/app/admin/bl
ogs/page.tsx [Server 
Component]

https://nextjs.org/doc
s/messages/module-not-
found


./src/components/Tipta
pEditor.tsx:15:1
Module not found: 
Can't resolve '@tiptap
/extension-table-row'
[0m [90m 13 |[39m 
[36mimport[39m { 
[33mHighlight[39m } 
[36mfrom[39m [32m'@
tiptap/extension-highl
ight'[39m[33m;[39m
 [90m 14 |[39m 
[36mimport[39m { 
[33mTable[39m } 
[36mfrom[39m [32m'@
tiptap/extension-table
'[39m[33m;[39m
[31m[1m>[22m[39m[
90m 15 |[39m 
[36mimport[39m { 
[33mTableRow[39m } 
[36mfrom[39m [32m'@
tiptap/extension-table
-row'[39m[33m;[39m
 [90m    |[39m [31m
[1m^[22m[39m[31m[
1m^[22m[39m[31m[1m
^[22m[39m[31m[1m^
[22m[39m[31m[1m^[2
2m[39m[31m[1m^[22m
[39m[31m[1m^[22m[
39m[31m[1m^[22m[39
m[31m[1m^[22m[39m
[31m[1m^[22m[39m[3
1m[1m^[22m[39m[31m
[1m^[22m[39m[31m[
1m^[22m[39m[31m[1m
^[22m[39m[31m[1m^
[22m[39m[31m[1m^[2
2m[39m[31m[1m^[22m
[39m[31m[1m^[22m[
39m[31m[1m^[22m[39
m[31m[1m^[22m[39m
[31m[1m^[22m[39m[3
1m[1m^[22m[39m[31m
[1m^[22m[39m[31m[
1m^[22m[39m[31m[1m
^[22m[39m[31m[1m^
[22m[39m[31m[1m^[2
2m[39m[31m[1m^[22m
[39m[31m[1m^[22m[
39m[31m[1m^[22m[39
m[31m[1m^[22m[39m
[31m[1m^[22m[39m[3
1m[1m^[22m[39m[31m
[1m^[22m[39m[31m[
1m^[22m[39m[31m[1m
^[22m[39m[31m[1m^
[22m[39m[31m[1m^[2
2m[39m[31m[1m^[22m
[39m[31m[1m^[22m[
39m[31m[1m^[22m[39
m[31m[1m^[22m[39m
[31m[1m^[22m[39m[3
1m[1m^[22m[39m[31m
[1m^[22m[39m[31m[
1m^[22m[39m[31m[1m
^[22m[39m[31m[1m^
[22m[39m[31m[1m^[2
2m[39m[31m[1m^[22m
[39m[31m[1m^[22m[
39m[31m[1m^[22m[39
m[31m[1m^[22m[39m
[31m[1m^[22m[39m[3
1m[1m^[22m[39m
 [90m 16 |[39m 
[36mimport[39m { 
[33mTableCell[39m } 
[36mfrom[39m [32m'@
tiptap/extension-table
-cell'[39m[33m;[39m
 [90m 17 |[39m 
[36mimport[39m { 
[33mTableHeader[39m 
} [36mfrom[39m [32m
'@tiptap/extension-tab
le-header'[39m[33m;
[39m
 [90m 18 |[39m 
[36mimport[39m { 
[33mSubscript[39m } 
[36mfrom[39m [32m'@
tiptap/extension-subsc
ript'[39m[33m;[39m
[0m



Import trace:
  Client Component 
Browser:
    ./src/components/T
iptapEditor.tsx 
[Client Component 
Browser]
    ./src/app/admin/bl
ogs/page.tsx [Client 
Component Browser]
    ./src/app/admin/bl
ogs/page.tsx [Server 
Component]

https://nextjs.org/doc
s/messages/module-not-
found


./src/components/Tipta
pEditor.tsx:9:1
Module not found: 
Can't resolve '@tiptap
/extension-text-align'
[0m [90m  7 |[39m 
[36mimport[39m { 
[33mImage[39m } 
[36mfrom[39m [32m'@
tiptap/extension-image
'[39m[33m;[39m
 [90m  8 |[39m 
[36mimport[39m { 
[33mLink[39m } 
[36mfrom[39m [32m'@
tiptap/extension-link'
[39m[33m;[39m
[31m[1m>[22m[39m[
90m  9 |[39m 
[36mimport[39m { 
[33mTextAlign[39m } 
[36mfrom[39m [32m'@
tiptap/extension-text-
align'[39m[33m;[39m
 [90m    |[39m [31m
[1m^[22m[39m[31m[
1m^[22m[39m[31m[1m
^[22m[39m[31m[1m^
[22m[39m[31m[1m^[2
2m[39m[31m[1m^[22m
[39m[31m[1m^[22m[
39m[31m[1m^[22m[39
m[31m[1m^[22m[39m
[31m[1m^[22m[39m[3
1m[1m^[22m[39m[31m
[1m^[22m[39m[31m[
1m^[22m[39m[31m[1m
^[22m[39m[31m[1m^
[22m[39m[31m[1m^[2
2m[39m[31m[1m^[22m
[39m[31m[1m^[22m[
39m[31m[1m^[22m[39
m[31m[1m^[22m[39m
[31m[1m^[22m[39m[3
1m[1m^[22m[39m[31m
[1m^[22m[39m[31m[
1m^[22m[39m[31m[1m
^[22m[39m[31m[1m^
[22m[39m[31m[1m^[2
2m[39m[31m[1m^[22m
[39m[31m[1m^[22m[
39m[31m[1m^[22m[39
m[31m[1m^[22m[39m
[31m[1m^[22m[39m[3
1m[1m^[22m[39m[31m
[1m^[22m[39m[31m[
1m^[22m[39m[31m[1m
^[22m[39m[31m[1m^
[22m[39m[31m[1m^[2
2m[39m[31m[1m^[22m
[39m[31m[1m^[22m[
39m[31m[1m^[22m[39
m[31m[1m^[22m[39m
[31m[1m^[22m[39m[3
1m[1m^[22m[39m[31m
[1m^[22m[39m[31m[
1m^[22m[39m[31m[1m
^[22m[39m[31m[1m^
[22m[39m[31m[1m^[2
2m[39m[31m[1m^[22m
[39m[31m[1m^[22m[
39m[31m[1m^[22m[39
m[31m[1m^[22m[39m
[31m[1m^[22m[39m[3
1m[1m^[22m[39m[31m
[1m^[22m[39m[31m[
1m^[22m[39m
 [90m 10 |[39m 
[36mimport[39m { 
[33mUnderline[39m } 
[36mfrom[39m [32m'@
tiptap/extension-under
line'[39m[33m;[39m
 [90m 11 |[39m 
[36mimport[39m { 
[33mColor[39m } 
[36mfrom[39m [32m'@
tiptap/extension-color
'[39m[33m;[39m
 [90m 12 |[39m 
[36mimport[39m { 
[33mTextStyle[39m } 
[36mfrom[39m [32m'@
tiptap/extension-text-
style'[39m[33m;[39m
[0m



Import trace:
  Client Component 
Browser:
    ./src/components/T
iptapEditor.tsx 
[Client Component 
Browser]
    ./src/app/admin/bl
ogs/page.tsx [Client 
Component Browser]
    ./src/app/admin/bl
ogs/page.tsx [Server 
Component]

https://nextjs.org/doc
s/messages/module-not-
found


./src/components/Tipta
pEditor.tsx:12:1
Module not found: 
Can't resolve '@tiptap
/extension-text-style'
[0m [90m 10 |[39m 
[36mimport[39m { 
[33mUnderline[39m } 
[36mfrom[39m [32m'@
tiptap/extension-under
line'[39m[33m;[39m
 [90m 11 |[39m 
[36mimport[39m { 
[33mColor[39m } 
[36mfrom[39m [32m'@
tiptap/extension-color
'[39m[33m;[39m
[31m[1m>[22m[39m[
90m 12 |[39m 
[36mimport[39m { 
[33mTextStyle[39m } 
[36mfrom[39m [32m'@
tiptap/extension-text-
style'[39m[33m;[39m
 [90m    |[39m [31m
[1m^[22m[39m[31m[
1m^[22m[39m[31m[1m
^[22m[39m[31m[1m^
[22m[39m[31m[1m^[2
2m[39m[31m[1m^[22m
[39m[31m[1m^[22m[
39m[31m[1m^[22m[39
m[31m[1m^[22m[39m
[31m[1m^[22m[39m[3
1m[1m^[22m[39m[31m
[1m^[22m[39m[31m[
1m^[22m[39m[31m[1m
^[22m[39m[31m[1m^
[22m[39m[31m[1m^[2
2m[39m[31m[1m^[22m
[39m[31m[1m^[22m[
39m[31m[1m^[22m[39
m[31m[1m^[22m[39m
[31m[1m^[22m[39m[3
1m[1m^[22m[39m[31m
[1m^[22m[39m[31m[
1m^[22m[39m[31m[1m
^[22m[39m[31m[1m^
[22m[39m[31m[1m^[2
2m[39m[31m[1m^[22m
[39m[31m[1m^[22m[
39m[31m[1m^[22m[39
m[31m[1m^[22m[39m
[31m[1m^[22m[39m[3
1m[1m^[22m[39m[31m
[1m^[22m[39m[31m[
1m^[22m[39m[31m[1m
^[22m[39m[31m[1m^
[22m[39m[31m[1m^[2
2m[39m[31m[1m^[22m
[39m[31m[1m^[22m[
39m[31m[1m^[22m[39
m[31m[1m^[22m[39m
[31m[1m^[22m[39m[3
1m[1m^[22m[39m[31m
[1m^[22m[39m[31m[
1m^[22m[39m[31m[1m
^[22m[39m[31m[1m^
[22m[39m[31m[1m^[2
2m[39m[31m[1m^[22m
[39m[31m[1m^[22m[
39m[31m[1m^[22m[39
m[31m[1m^[22m[39m
[31m[1m^[22m[39m[3
1m[1m^[22m[39m[31m
[1m^[22m[39m[31m[
1m^[22m[39m
 [90m 13 |[39m 
[36mimport[39m { 
[33mHighlight[39m } 
[36mfrom[39m [32m'@
tiptap/extension-highl
ight'[39m[33m;[39m
 [90m 14 |[39m 
[36mimport[39m { 
[33mTable[39m } 
[36mfrom[39m [32m'@
tiptap/extension-table
'[39m[33m;[39m
 [90m 15 |[39m 
[36mimport[39m { 
[33mTableRow[39m } 
[36mfrom[39m [32m'@
tiptap/extension-table
-row'[39m[33m;[39m
[0m



Import trace:
  Client Component 
Browser:
    ./src/components/T
iptapEditor.tsx 
[Client Component 
Browser]
    ./src/app/admin/bl
ogs/page.tsx [Client 
Component Browser]
    ./src/app/admin/bl
ogs/page.tsx [Server 
Component]

https://nextjs.org/doc
s/messages/module-not-
found


./src/components/Tipta
pEditor.tsx:10:1
Module not found: 
Can't resolve '@tiptap
/extension-underline'
[0m [90m  8 |[39m 
[36mimport[39m { 
[33mLink[39m } 
[36mfrom[39m [32m'@
tiptap/extension-link'
[39m[33m;[39m
 [90m  9 |[39m 
[36mimport[39m { 
[33mTextAlign[39m } 
[36mfrom[39m [32m'@
tiptap/extension-text-
align'[39m[33m;[39m
[31m[1m>[22m[39m[
90m 10 |[39m 
[36mimport[39m { 
[33mUnderline[39m } 
[36mfrom[39m [32m'@
tiptap/extension-under
line'[39m[33m;[39m
 [90m    |[39m [31m
[1m^[22m[39m[31m[
1m^[22m[39m[31m[1m
^[22m[39m[31m[1m^
[22m[39m[31m[1m^[2
2m[39m[31m[1m^[22m
[39m[31m[1m^[22m[
39m[31m[1m^[22m[39
m[31m[1m^[22m[39m
[31m[1m^[22m[39m[3
1m[1m^[22m[39m[31m
[1m^[22m[39m[31m[
1m^[22m[39m[31m[1m
^[22m[39m[31m[1m^
[22m[39m[31m[1m^[2
2m[39m[31m[1m^[22m
[39m[31m[1m^[22m[
39m[31m[1m^[22m[39
m[31m[1m^[22m[39m
[31m[1m^[22m[39m[3
1m[1m^[22m[39m[31m
[1m^[22m[39m[31m[
1m^[22m[39m[31m[1m
^[22m[39m[31m[1m^
[22m[39m[31m[1m^[2
2m[39m[31m[1m^[22m
[39m[31m[1m^[22m[
39m[31m[1m^[22m[39
m[31m[1m^[22m[39m
[31m[1m^[22m[39m[3
1m[1m^[22m[39m[31m
[1m^[22m[39m[31m[
1m^[22m[39m[31m[1m
^[22m[39m[31m[1m^
[22m[39m[31m[1m^[2
2m[39m[31m[1m^[22m
[39m[31m[1m^[22m[
39m[31m[1m^[22m[39
m[31m[1m^[22m[39m
[31m[1m^[22m[39m[3
1m[1m^[22m[39m[31m
[1m^[22m[39m[31m[
1m^[22m[39m[31m[1m
^[22m[39m[31m[1m^
[22m[39m[31m[1m^[2
2m[39m[31m[1m^[22m
[39m[31m[1m^[22m[
39m[31m[1m^[22m[39
m[31m[1m^[22m[39m
[31m[1m^[22m[39m[3
1m[1m^[22m[39m[31m
[1m^[22m[39m
 [90m 11 |[39m 
[36mimport[39m { 
[33mColor[39m } 
[36mfrom[39m [32m'@
tiptap/extension-color
'[39m[33m;[39m
 [90m 12 |[39m 
[36mimport[39m { 
[33mTextStyle[39m } 
[36mfrom[39m [32m'@
tiptap/extension-text-
style'[39m[33m;[39m
 [90m 13 |[39m 
[36mimport[39m { 
[33mHighlight[39m } 
[36mfrom[39m [32m'@
tiptap/extension-highl
ight'[39m[33m;[39m
[0m



Import trace:
  Client Component 
Browser:
    ./src/components/T
iptapEditor.tsx 
[Client Component 
Browser]
    ./src/app/admin/bl
ogs/page.tsx [Client 
Component Browser]
    ./src/app/admin/bl
ogs/page.tsx [Server 
Component]

https://nextjs.org/doc
s/messages/module-not-
found


./src/components/Tipta
pEditor.tsx:5:1
Module not found: 
Can't resolve 
'@tiptap/react'
[0m [90m 3 |[39m 
[36mimport[39m { c 
[36mas[39m _c } 
[36mfrom[39m [32m"r
eact/compiler-runtime"
[39m[33m;[39m
 [90m 4 |[39m 
[36mimport[39m [33m
React[39m[33m,[39m 
{ 
useEffect[33m,[39m 
useState[33m,[39m 
useRef } 
[36mfrom[39m [32m'r
eact'[39m[33m;[39m
[31m[1m>[22m[39m[
90m 5 |[39m 
[36mimport[39m { 
useEditor[33m,[39m 
[33mEditorContent[39m
 } [36mfrom[39m [32
m'@tiptap/react'[39m
[33m;[39m
 [90m   |[39m [31m
[1m^[22m[39m[31m[1
m^[22m[39m[31m[1m^
[22m[39m[31m[1m^[
22m[39m[31m[1m^[22
m[39m[31m[1m^[22m
[39m[31m[1m^[22m[3
9m[31m[1m^[22m[39m
[31m[1m^[22m[39m[
31m[1m^[22m[39m[31
m[1m^[22m[39m[31m
[1m^[22m[39m[31m[1
m^[22m[39m[31m[1m^
[22m[39m[31m[1m^[
22m[39m[31m[1m^[22
m[39m[31m[1m^[22m
[39m[31m[1m^[22m[3
9m[31m[1m^[22m[39m
[31m[1m^[22m[39m[
31m[1m^[22m[39m[31
m[1m^[22m[39m[31m
[1m^[22m[39m[31m[1
m^[22m[39m[31m[1m^
[22m[39m[31m[1m^[
22m[39m[31m[1m^[22
m[39m[31m[1m^[22m
[39m[31m[1m^[22m[3
9m[31m[1m^[22m[39m
[31m[1m^[22m[39m[
31m[1m^[22m[39m[31
m[1m^[22m[39m[31m
[1m^[22m[39m[31m[1
m^[22m[39m[31m[1m^
[22m[39m[31m[1m^[
22m[39m[31m[1m^[22
m[39m[31m[1m^[22m
[39m[31m[1m^[22m[3
9m[31m[1m^[22m[39m
[31m[1m^[22m[39m[
31m[1m^[22m[39m[31
m[1m^[22m[39m[31m
[1m^[22m[39m[31m[1
m^[22m[39m[31m[1m^
[22m[39m[31m[1m^[
22m[39m[31m[1m^[22
m[39m[31m[1m^[22m
[39m[31m[1m^[22m[3
9m[31m[1m^[22m[39m
[31m[1m^[22m[39m[
31m[1m^[22m[39m[31
m[1m^[22m[39m[31m
[1m^[22m[39m[31m[1
m^[22m[39m
 [90m 6 |[39m 
[36mimport[39m 
[33mStarterKit[39m 
[36mfrom[39m [32m'@
tiptap/starter-kit'[3
9m[33m;[39m
 [90m 7 |[39m 
[36mimport[39m { 
[33mImage[39m } 
[36mfrom[39m [32m'@
tiptap/extension-image
'[39m[33m;[39m
 [90m 8 |[39m 
[36mimport[39m { 
[33mLink[39m } 
[36mfrom[39m [32m'@
tiptap/extension-link'
[39m[33m;[39m[0m



Import trace:
  Client Component 
Browser:
    ./src/components/T
iptapEditor.tsx 
[Client Component 
Browser]
    ./src/app/admin/bl
ogs/page.tsx [Client 
Component Browser]
    ./src/app/admin/bl
ogs/page.tsx [Server 
Component]

https://nextjs.org/doc
s/messages/module-not-
found


./src/components/Tipta
pEditor.tsx:6:1
Module not found: 
Can't resolve 
'@tiptap/starter-kit'
[0m [90m 4 |[39m 
[36mimport[39m [33m
React[39m[33m,[39m 
{ 
useEffect[33m,[39m 
useState[33m,[39m 
useRef } 
[36mfrom[39m [32m'r
eact'[39m[33m;[39m
 [90m 5 |[39m 
[36mimport[39m { 
useEditor[33m,[39m 
[33mEditorContent[39m
 } [36mfrom[39m [32
m'@tiptap/react'[39m
[33m;[39m
[31m[1m>[22m[39m[
90m 6 |[39m 
[36mimport[39m 
[33mStarterKit[39m 
[36mfrom[39m [32m'@
tiptap/starter-kit'[3
9m[33m;[39m
 [90m   |[39m [31m
[1m^[22m[39m[31m[1
m^[22m[39m[31m[1m^
[22m[39m[31m[1m^[
22m[39m[31m[1m^[22
m[39m[31m[1m^[22m
[39m[31m[1m^[22m[3
9m[31m[1m^[22m[39m
[31m[1m^[22m[39m[
31m[1m^[22m[39m[31
m[1m^[22m[39m[31m
[1m^[22m[39m[31m[1
m^[22m[39m[31m[1m^
[22m[39m[31m[1m^[
22m[39m[31m[1m^[22
m[39m[31m[1m^[22m
[39m[31m[1m^[22m[3
9m[31m[1m^[22m[39m
[31m[1m^[22m[39m[
31m[1m^[22m[39m[31
m[1m^[22m[39m[31m
[1m^[22m[39m[31m[1
m^[22m[39m[31m[1m^
[22m[39m[31m[1m^[
22m[39m[31m[1m^[22
m[39m[31m[1m^[22m
[39m[31m[1m^[22m[3
9m[31m[1m^[22m[39m
[31m[1m^[22m[39m[
31m[1m^[22m[39m[31
m[1m^[22m[39m[31m
[1m^[22m[39m[31m[1
m^[22m[39m[31m[1m^
[22m[39m[31m[1m^[
22m[39m[31m[1m^[22
m[39m[31m[1m^[22m
[39m[31m[1m^[22m[3
9m[31m[1m^[22m[39m
[31m[1m^[22m[39m[
31m[1m^[22m[39m[31
m[1m^[22m[39m[31m
[1m^[22m[39m
 [90m 7 |[39m 
[36mimport[39m { 
[33mImage[39m } 
[36mfrom[39m [32m'@
tiptap/extension-image
'[39m[33m;[39m
 [90m 8 |[39m 
[36mimport[39m { 
[33mLink[39m } 
[36mfrom[39m [32m'@
tiptap/extension-link'
[39m[33m;[39m
 [90m 9 |[39m 
[36mimport[39m { 
[33mTextAlign[39m } 
[36mfrom[39m [32m'@
tiptap/extension-text-
align'[39m[33m;[39m
[0m



Import trace:
  Client Component 
Browser:
    ./src/components/T
iptapEditor.tsx 
[Client Component 
Browser]
    ./src/app/admin/bl
ogs/page.tsx [Client 
Component Browser]
    ./src/app/admin/bl
ogs/page.tsx [Server 
Component]

https://nextjs.org/doc
s/messages/module-not-
found


./src/lib/firebase.ts:
1:1
Module not found: 
Can't resolve 
'firebase/app'
[0m[31m[1m>[22m[3
9m[90m 1 |[39m 
[36mimport[39m { ini
tializeApp[33m,[39m 
getApps[33m,[39m 
getApp } 
[36mfrom[39m [32m'f
irebase/app'[39m[33m
;[39m
 [90m   |[39m [31m
[1m^[22m[39m[31m[1
m^[22m[39m[31m[1m^
[22m[39m[31m[1m^[
22m[39m[31m[1m^[22
m[39m[31m[1m^[22m
[39m[31m[1m^[22m[3
9m[31m[1m^[22m[39m
[31m[1m^[22m[39m[
31m[1m^[22m[39m[31
m[1m^[22m[39m[31m
[1m^[22m[39m[31m[1
m^[22m[39m[31m[1m^
[22m[39m[31m[1m^[
22m[39m[31m[1m^[22
m[39m[31m[1m^[22m
[39m[31m[1m^[22m[3
9m[31m[1m^[22m[39m
[31m[1m^[22m[39m[
31m[1m^[22m[39m[31
m[1m^[22m[39m[31m
[1m^[22m[39m[31m[1
m^[22m[39m[31m[1m^
[22m[39m[31m[1m^[
22m[39m[31m[1m^[22
m[39m[31m[1m^[22m
[39m[31m[1m^[22m[3
9m[31m[1m^[22m[39m
[31m[1m^[22m[39m[
31m[1m^[22m[39m[31
m[1m^[22m[39m[31m
[1m^[22m[39m[31m[1
m^[22m[39m[31m[1m^
[22m[39m[31m[1m^[
22m[39m[31m[1m^[22
m[39m[31m[1m^[22m
[39m[31m[1m^[22m[3
9m[31m[1m^[22m[39m
[31m[1m^[22m[39m[
31m[1m^[22m[39m[31
m[1m^[22m[39m[31m
[1m^[22m[39m[31m[1
m^[22m[39m[31m[1m^
[22m[39m[31m[1m^[
22m[39m[31m[1m^[22
m[39m[31m[1m^[22m
[39m[31m[1m^[22m[3
9m[31m[1m^[22m[39m
[31m[1m^[22m[39m[
31m[1m^[22m[39m[31
m[1m^[22m[39m[31m
[1m^[22m[39m[31m[1
m^[22m[39m[31m[1m^
[22m[39m[31m[1m^[
22m[39m[31m[1m^[22
m[39m[31m[1m^[22m
[39m[31m[1m^[22m[3
9m
 [90m 2 |[39m 
[36mimport[39m { 
getFirestore } 
[36mfrom[39m [32m'f
irebase/firestore'[39
m[33m;[39m
 [90m 3 |[39m 
[36mimport[39m { 
getAuth[33m,[39m [3
3mGoogleAuthProvider[
39m } [36mfrom[39m 
[32m'firebase/auth'[3
9m[33m;[39m
 [90m 4 |[39m 
[36mimport[39m { 
getStorage } 
[36mfrom[39m [32m'f
irebase/storage'[39m
[33m;[39m[0m



Import traces:
  App Route:
    
./src/lib/firebase.ts
    ./src/app/api/rss/
route.ts

  Client Component 
Browser:
    
./src/lib/firebase.ts 
[Client Component 
Browser]
    ./src/app/admin/bl
ogs/page.tsx [Client 
Component Browser]
    ./src/app/admin/bl
ogs/page.tsx [Server 
Component]

  Client Component 
SSR:
    
./src/lib/firebase.ts 
[Client Component SSR]
    ./src/app/admin/bl
ogs/page.tsx [Client 
Component SSR]
    ./src/app/admin/bl
ogs/page.tsx [Server 
Component]

https://nextjs.org/doc
s/messages/module-not-
found


./src/app/admin/blogs/
page.tsx:13:1
Module not found: 
Can't resolve 
'firebase/auth'
[0m [90m 11 |[39m 
[36mimport[39m { 
collection[33m,[39m 
getDocs[33m,[39m 
addDoc[33m,[39m 
updateDoc[33m,[39m 
deleteDoc[33m,[39m 
doc[33m,[39m getDoc 
} [36mfrom[39m [32m
'firebase/firestore'[
39m[33m;[39m
 [90m 12 |[39m 
[36mimport[39m { 
ref[33m,[39m uploadB
ytes[33m,[39m getDow
nloadURL[33m,[39m 
deleteObject } 
[36mfrom[39m [32m'f
irebase/storage'[39m
[33m;[39m
[31m[1m>[22m[39m[
90m 13 |[39m 
[36mimport[39m { 
signOut[33m,[39m 
onAuthStateChanged } 
[36mfrom[39m [32m'f
irebase/auth'[39m[33
m;[39m
 [90m    |[39m [31m
[1m^[22m[39m[31m[
1m^[22m[39m[31m[1m
^[22m[39m[31m[1m^
[22m[39m[31m[1m^[2
2m[39m[31m[1m^[22m
[39m[31m[1m^[22m[
39m[31m[1m^[22m[39
m[31m[1m^[22m[39m
[31m[1m^[22m[39m[3
1m[1m^[22m[39m[31m
[1m^[22m[39m[31m[
1m^[22m[39m[31m[1m
^[22m[39m[31m[1m^
[22m[39m[31m[1m^[2
2m[39m[31m[1m^[22m
[39m[31m[1m^[22m[
39m[31m[1m^[22m[39
m[31m[1m^[22m[39m
[31m[1m^[22m[39m[3
1m[1m^[22m[39m[31m
[1m^[22m[39m[31m[
1m^[22m[39m[31m[1m
^[22m[39m[31m[1m^
[22m[39m[31m[1m^[2
2m[39m[31m[1m^[22m
[39m[31m[1m^[22m[
39m[31m[1m^[22m[39
m[31m[1m^[22m[39m
[31m[1m^[22m[39m[3
1m[1m^[22m[39m[31m
[1m^[22m[39m[31m[
1m^[22m[39m[31m[1m
^[22m[39m[31m[1m^
[22m[39m[31m[1m^[2
2m[39m[31m[1m^[22m
[39m[31m[1m^[22m[
39m[31m[1m^[22m[39
m[31m[1m^[22m[39m
[31m[1m^[22m[39m[3
1m[1m^[22m[39m[31m
[1m^[22m[39m[31m[
1m^[22m[39m[31m[1m
^[22m[39m[31m[1m^
[22m[39m[31m[1m^[2
2m[39m[31m[1m^[22m
[39m[31m[1m^[22m[
39m[31m[1m^[22m[39
m[31m[1m^[22m[39m
[31m[1m^[22m[39m[3
1m[1m^[22m[39m[31m
[1m^[22m[39m[31m[
1m^[22m[39m[31m[1m
^[22m[39m[31m[1m^
[22m[39m[31m[1m^[2
2m[39m
 [90m 14 |[39m 
[36mimport[39m { 
db[33m,[39m 
auth[33m,[39m 
storage } 
[36mfrom[39m [32m'@
/lib/firebase'[39m[3
3m;[39m
 [90m 15 |[39m 
[36mimport[39m { 
useRouter } 
[36mfrom[39m [32m'n
ext/navigation'[39m[
33m;[39m 
 [90m 16 |[39m 
[36mimport[39m 
dynamic 
[36mfrom[39m [32m'n
ext/dynamic'[39m[33m
;[39m[0m



Import traces:
  Client Component 
Browser:
    ./src/app/admin/bl
ogs/page.tsx [Client 
Component Browser]
    ./src/app/admin/bl
ogs/page.tsx [Server 
Component]

  Client Component 
SSR:
    ./src/app/admin/bl
ogs/page.tsx [Client 
Component SSR]
    ./src/app/admin/bl
ogs/page.tsx [Server 
Component]

https://nextjs.org/doc
s/messages/module-not-
found


./src/app/admin/blogs/
page.tsx:9:1
Module not found: 
Can't resolve 
'firebase/auth'
[0m [90m  7 |[39m 
[36mimport[39m { 
collection[33m,[39m 
getDocs[33m,[39m 
addDoc[33m,[39m 
updateDoc[33m,[39m 
deleteDoc[33m,[39m 
doc[33m,[39m getDoc 
} [36mfrom[39m [32m
'firebase/firestore'[
39m[33m;[39m
 [90m  8 |[39m 
[36mimport[39m { 
ref[33m,[39m uploadB
ytes[33m,[39m getDow
nloadURL[33m,[39m 
deleteObject } 
[36mfrom[39m [32m'f
irebase/storage'[39m
[33m;[39m
[31m[1m>[22m[39m[
90m  9 |[39m 
[36mimport[39m { 
signOut[33m,[39m 
onAuthStateChanged } 
[36mfrom[39m [32m'f
irebase/auth'[39m[33
m;[39m
 [90m    |[39m [31m
[1m^[22m[39m[31m[
1m^[22m[39m[31m[1m
^[22m[39m[31m[1m^
[22m[39m[31m[1m^[2
2m[39m[31m[1m^[22m
[39m[31m[1m^[22m[
39m[31m[1m^[22m[39
m[31m[1m^[22m[39m
[31m[1m^[22m[39m[3
1m[1m^[22m[39m[31m
[1m^[22m[39m[31m[
1m^[22m[39m[31m[1m
^[22m[39m[31m[1m^
[22m[39m[31m[1m^[2
2m[39m[31m[1m^[22m
[39m[31m[1m^[22m[
39m[31m[1m^[22m[39
m[31m[1m^[22m[39m
[31m[1m^[22m[39m[3
1m[1m^[22m[39m[31m
[1m^[22m[39m[31m[
1m^[22m[39m[31m[1m
^[22m[39m[31m[1m^
[22m[39m[31m[1m^[2
2m[39m[31m[1m^[22m
[39m[31m[1m^[22m[
39m[31m[1m^[22m[39
m[31m[1m^[22m[39m
[31m[1m^[22m[39m[3
1m[1m^[22m[39m[31m
[1m^[22m[39m[31m[
1m^[22m[39m[31m[1m
^[22m[39m[31m[1m^
[22m[39m[31m[1m^[2
2m[39m[31m[1m^[22m
[39m[31m[1m^[22m[
39m[31m[1m^[22m[39
m[31m[1m^[22m[39m
[31m[1m^[22m[39m[3
1m[1m^[22m[39m[31m
[1m^[22m[39m[31m[
1m^[22m[39m[31m[1m
^[22m[39m[31m[1m^
[22m[39m[31m[1m^[2
2m[39m[31m[1m^[22m
[39m[31m[1m^[22m[
39m[31m[1m^[22m[39
m[31m[1m^[22m[39m
[31m[1m^[22m[39m[3
1m[1m^[22m[39m[31m
[1m^[22m[39m[31m[
1m^[22m[39m[31m[1m
^[22m[39m[31m[1m^
[22m[39m[31m[1m^[2
2m[39m
 [90m 10 |[39m 
[36mimport[39m { 
db[33m,[39m 
auth[33m,[39m 
storage } 
[36mfrom[39m [32m'@
/lib/firebase'[39m[3
3m;[39m
 [90m 11 |[39m 
[36mimport[39m { 
useRouter } 
[36mfrom[39m [32m'n
ext/navigation'[39m[
33m;[39m
 [90m 12 |[39m 
[36mimport[39m 
dynamic 
[36mfrom[39m [32m'n
ext/dynamic'[39m[33m
;[39m[0m



Import traces:
  Client Component 
Browser:
    ./src/app/admin/bl
ogs/page.tsx [Client 
Component Browser]
    ./src/app/admin/bl
ogs/page.tsx [Server 
Component]

  Client Component 
SSR:
    ./src/app/admin/bl
ogs/page.tsx [Client 
Component SSR]
    ./src/app/admin/bl
ogs/page.tsx [Server 
Component]

https://nextjs.org/doc
s/messages/module-not-
found


./src/app/login/page.t
sx:3:1
Module not found: 
Can't resolve 
'firebase/auth'
[0m [90m  1 |[39m 
[32m'use client'[39m
 [90m  2 |[39m 
[36mimport[39m [33m
React[39m[33m,[39m 
{ useState[33m,[39m 
useEffect } 
[36mfrom[39m [32m'r
eact'[39m[33m;[39m
[31m[1m>[22m[39m[
90m  3 |[39m 
[36mimport[39m { 
 [90m    |[39m [31m
[1m^[22m[39m[31m[
1m^[22m[39m[31m[1m
^[22m[39m[31m[1m^
[22m[39m[31m[1m^[2
2m[39m[31m[1m^[22m
[39m[31m[1m^[22m[
39m[31m[1m^[22m[39
m[31m[1m^[22m[39m
[31m[1m>[22m[39m[
90m  4 |[39m   signIn
WithEmailAndPassword[
33m,[39m 
 [90m    |[39m [31m
[1m^[22m[39m[31m[
1m^[22m[39m[31m[1m
^[22m[39m[31m[1m^
[22m[39m[31m[1m^[2
2m[39m[31m[1m^[22m
[39m[31m[1m^[22m[
39m[31m[1m^[22m[39
m[31m[1m^[22m[39m
[31m[1m^[22m[39m[3
1m[1m^[22m[39m[31m
[1m^[22m[39m[31m[
1m^[22m[39m[31m[1m
^[22m[39m[31m[1m^
[22m[39m[31m[1m^[2
2m[39m[31m[1m^[22m
[39m[31m[1m^[22m[
39m[31m[1m^[22m[39
m[31m[1m^[22m[39m
[31m[1m^[22m[39m[3
1m[1m^[22m[39m[31m
[1m^[22m[39m[31m[
1m^[22m[39m[31m[1m
^[22m[39m[31m[1m^
[22m[39m[31m[1m^[2
2m[39m[31m[1m^[22m
[39m[31m[1m^[22m[
39m[31m[1m^[22m[39
m
[31m[1m>[22m[39m[
90m  5 |[39m   onAuth
StateChanged[33m,[39
m 
 [90m    |[39m [31m
[1m^[22m[39m[31m[
1m^[22m[39m[31m[1m
^[22m[39m[31m[1m^
[22m[39m[31m[1m^[2
2m[39m[31m[1m^[22m
[39m[31m[1m^[22m[
39m[31m[1m^[22m[39
m[31m[1m^[22m[39m
[31m[1m^[22m[39m[3
1m[1m^[22m[39m[31m
[1m^[22m[39m[31m[
1m^[22m[39m[31m[1m
^[22m[39m[31m[1m^
[22m[39m[31m[1m^[2
2m[39m[31m[1m^[22m
[39m[31m[1m^[22m[
39m[31m[1m^[22m[39
m[31m[1m^[22m[39m
[31m[1m^[22m[39m[3
1m[1m^[22m[39m[31m
[1m^[22m[39m[31m[
1m^[22m[39m[31m[1m
^[22m[39m[31m[1m^
[22m[39m[31m[1m^[2
2m[39m[31m[1m^[22m
[39m[31m[1m^[22m[
39m[31m[1m^[22m[39
m
[31m[1m>[22m[39m[
90m  6 |[39m   signIn
WithPopup[33m,[39m
 [90m    |[39m [31m
[1m^[22m[39m[31m[
1m^[22m[39m[31m[1m
^[22m[39m[31m[1m^
[22m[39m[31m[1m^[2
2m[39m[31m[1m^[22m
[39m[31m[1m^[22m[
39m[31m[1m^[22m[39
m[31m[1m^[22m[39m
[31m[1m^[22m[39m[3
1m[1m^[22m[39m[31m
[1m^[22m[39m[31m[
1m^[22m[39m[31m[1m
^[22m[39m[31m[1m^
[22m[39m[31m[1m^[2
2m[39m[31m[1m^[22m
[39m[31m[1m^[22m[
39m[31m[1m^[22m[39
m[31m[1m^[22m[39m
[31m[1m^[22m[39m[3
1m[1m^[22m[39m[31m
[1m^[22m[39m[31m[
1m^[22m[39m[31m[1m
^[22m[39m[31m[1m^
[22m[39m[31m[1m^[2
2m[39m[31m[1m^[22m
[39m[31m[1m^[22m[
39m[31m[1m^[22m[39
m
[31m[1m>[22m[39m[
90m  7 |[39m   create
UserWithEmailAndPasswo
rd
 [90m    |[39m [31m
[1m^[22m[39m[31m[
1m^[22m[39m[31m[1m
^[22m[39m[31m[1m^
[22m[39m[31m[1m^[2
2m[39m[31m[1m^[22m
[39m[31m[1m^[22m[
39m[31m[1m^[22m[39
m[31m[1m^[22m[39m
[31m[1m^[22m[39m[3
1m[1m^[22m[39m[31m
[1m^[22m[39m[31m[
1m^[22m[39m[31m[1m
^[22m[39m[31m[1m^
[22m[39m[31m[1m^[2
2m[39m[31m[1m^[22m
[39m[31m[1m^[22m[
39m[31m[1m^[22m[39
m[31m[1m^[22m[39m
[31m[1m^[22m[39m[3
1m[1m^[22m[39m[31m
[1m^[22m[39m[31m[
1m^[22m[39m[31m[1m
^[22m[39m[31m[1m^
[22m[39m[31m[1m^[2
2m[39m[31m[1m^[22m
[39m[31m[1m^[22m[
39m[31m[1m^[22m[39
m
[31m[1m>[22m[39m[
90m  8 |[39m } 
[36mfrom[39m [32m'f
irebase/auth'[39m[33
m;[39m
 [90m    |[39m [31m
[1m^[22m[39m[31m[
1m^[22m[39m[31m[1m
^[22m[39m[31m[1m^
[22m[39m[31m[1m^[2
2m[39m[31m[1m^[22m
[39m[31m[1m^[22m[
39m[31m[1m^[22m[39
m[31m[1m^[22m[39m
[31m[1m^[22m[39m[3
1m[1m^[22m[39m[31m
[1m^[22m[39m[31m[
1m^[22m[39m[31m[1m
^[22m[39m[31m[1m^
[22m[39m[31m[1m^[2
2m[39m[31m[1m^[22m
[39m[31m[1m^[22m[
39m[31m[1m^[22m[39
m[31m[1m^[22m[39m
[31m[1m^[22m[39m[3
1m[1m^[22m[39m[31m
[1m^[22m[39m[31m[
1m^[22m[39m
 [90m  9 |[39m 
[36mimport[39m { 
auth[33m,[39m 
googleProvider } 
[36mfrom[39m [32m'@
/lib/firebase'[39m[3
3m;[39m
 [90m 10 |[39m 
[36mimport[39m { 
useRouter } 
[36mfrom[39m [32m'n
ext/navigation'[39m[
33m;[39m
 [90m 11 |[39m 
[36mimport[39m { 
motion[33m,[39m [33
mAnimatePresence[39m 
} [36mfrom[39m [32m
'framer-motion'[39m[
33m;[39m[0m



Import traces:
  Client Component 
Browser:
    ./src/app/login/pa
ge.tsx [Client 
Component Browser]
    ./src/app/login/pa
ge.tsx [Server 
Component]

  Client Component 
SSR:
    ./src/app/login/pa
ge.tsx [Client 
Component SSR]
    ./src/app/login/pa
ge.tsx [Server 
Component]

https://nextjs.org/doc
s/messages/module-not-
found


./src/app/login/page.t
sx:4:1
Module not found: 
Can't resolve 
'firebase/auth'
[0m [90m 2 |[39m
 [90m 3 |[39m 
[36mimport[39m [33m
React[39m[33m,[39m 
{ useState[33m,[39m 
useEffect } 
[36mfrom[39m [32m'r
eact'[39m[33m;[39m
[31m[1m>[22m[39m[
90m 4 |[39m 
[36mimport[39m { sig
nInWithEmailAndPasswor
d[33m,[39m onAuthSta
teChanged[33m,[39m s
ignInWithPopup[33m,[
39m createUserWithEmai
lAndPassword } 
[36mfrom[39m [32m'f
irebase/auth'[39m[33
m;[39m
 [90m   |[39m [31m
[1m^[22m[39m[31m[1
m^[22m[39m[31m[1m^
[22m[39m[31m[1m^[
22m[39m[31m[1m^[22
m[39m[31m[1m^[22m
[39m[31m[1m^[22m[3
9m[31m[1m^[22m[39m
[31m[1m^[22m[39m[
31m[1m^[22m[39m[31
m[1m^[22m[39m[31m
[1m^[22m[39m[31m[1
m^[22m[39m[31m[1m^
[22m[39m[31m[1m^[
22m[39m[31m[1m^[22
m[39m[31m[1m^[22m
[39m[31m[1m^[22m[3
9m[31m[1m^[22m[39m
[31m[1m^[22m[39m[
31m[1m^[22m[39m[31
m[1m^[22m[39m[31m
[1m^[22m[39m[31m[1
m^[22m[39m[31m[1m^
[22m[39m[31m[1m^[
22m[39m[31m[1m^[22
m[39m[31m[1m^[22m
[39m[31m[1m^[22m[3
9m[31m[1m^[22m[39m
[31m[1m^[22m[39m[
31m[1m^[22m[39m[31
m[1m^[22m[39m[31m
[1m^[22m[39m[31m[1
m^[22m[39m[31m[1m^
[22m[39m[31m[1m^[
22m[39m[31m[1m^[22
m[39m[31m[1m^[22m
[39m[31m[1m^[22m[3
9m[31m[1m^[22m[39m
[31m[1m^[22m[39m[
31m[1m^[22m[39m[31
m[1m^[22m[39m[31m
[1m^[22m[39m[31m[1
m^[22m[39m[31m[1m^
[22m[39m[31m[1m^[
22m[39m[31m[1m^[22
m[39m[31m[1m^[22m
[39m[31m[1m^[22m[3
9m[31m[1m^[22m[39m
[31m[1m^[22m[39m[
31m[1m^[22m[39m[31
m[1m^[22m[39m[31m
[1m^[22m[39m[31m[1
m^[22m[39m[31m[1m^
[22m[39m[31m[1m^[
22m[39m[31m[1m^[22
m[39m[31m[1m^[22m
[39m[31m[1m^[22m[3
9m[31m[1m^[22m[39m
[31m[1m^[22m[39m[
31m[1m^[22m[39m[31
m[1m^[22m[39m[31m
[1m^[22m[39m[31m[1
m^[22m[39m[31m[1m^
[22m[39m[31m[1m^[
22m[39m[31m[1m^[22
m[39m[31m[1m^[22m
[39m[31m[1m^[22m[3
9m[31m[1m^[22m[39m
[31m[1m^[22m[39m[
31m[1m^[22m[39m[31
m[1m^[22m[39m[31m
[1m^[22m[39m[31m[1
m^[22m[39m[31m[1m^
[22m[39m[31m[1m^[
22m[39m[31m[1m^[22
m[39m[31m[1m^[22m
[39m[31m[1m^[22m[3
9m[31m[1m^[22m[39m
[31m[1m^[22m[39m[
31m[1m^[22m[39m[31
m[1m^[22m[39m[31m
[1m^[22m[39m[31m[1
m^[22m[39m[31m[1m^
[22m[39m[31m[1m^[
22m[39m[31m[1m^[22
m[39m[31m[1m^[22m
[39m[31m[1m^[22m[3
9m[31m[1m^[22m[39m
[31m[1m^[22m[39m[
31m[1m^[22m[39m[31
m[1m^[22m[39m[31m
[1m^[22m[39m[31m[1
m^[22m[39m[31m[1m^
[22m[39m[31m[1m^[
22m[39m[31m[1m^[22
m[39m[31m[1m^[22m
[39m[31m[1m^[22m[3
9m[31m[1m^[22m[39m
[31m[1m^[22m[39m[
31m[1m^[22m[39m[31
m[1m^[22m[39m[31m
[1m^[22m[39m[31m[1
m^[22m[39m[31m[1m^
[22m[39m[31m[1m^[
22m[39m[31m[1m^[22
m[39m[31m[1m^[22m
[39m[31m[1m^[22m[3
9m[31m[1m^[22m[39m
[31m[1m^[22m[39m[
31m[1m^[22m[39m[31
m[1m^[22m[39m[31m
[1m^[22m[39m[31m[1
m^[22m[39m[31m[1m^
[22m[39m[31m[1m^[
22m[39m[31m[1m^[22
m[39m[31m[1m^[22m
[39m[31m[1m^[22m[3
9m
 [90m 5 |[39m 
[36mimport[39m { 
auth[33m,[39m 
googleProvider } 
[36mfrom[39m [32m'@
/lib/firebase'[39m[3
3m;[39m
 [90m 6 |[39m 
[36mimport[39m { 
useRouter } 
[36mfrom[39m [32m'n
ext/navigation'[39m[
33m;[39m
 [90m 7 |[39m 
[36mimport[39m { 
motion[33m,[39m [33
mAnimatePresence[39m 
} [36mfrom[39m [32m
'framer-motion'[39m[
33m;[39m[0m



Import traces:
  Client Component 
Browser:
    ./src/app/login/pa
ge.tsx [Client 
Component Browser]
    ./src/app/login/pa
ge.tsx [Server 
Component]

  Client Component 
SSR:
    ./src/app/login/pa
ge.tsx [Client 
Component SSR]
    ./src/app/login/pa
ge.tsx [Server 
Component]

https://nextjs.org/doc
s/messages/module-not-
found


./src/lib/firebase.ts:
3:1
Module not found: 
Can't resolve 
'firebase/auth'
[0m [90m 1 |[39m 
[36mimport[39m { ini
tializeApp[33m,[39m 
getApps[33m,[39m 
getApp } 
[36mfrom[39m [32m'f
irebase/app'[39m[33m
;[39m
 [90m 2 |[39m 
[36mimport[39m { 
getFirestore } 
[36mfrom[39m [32m'f
irebase/firestore'[39
m[33m;[39m
[31m[1m>[22m[39m[
90m 3 |[39m 
[36mimport[39m { 
getAuth[33m,[39m [3
3mGoogleAuthProvider[
39m } [36mfrom[39m 
[32m'firebase/auth'[3
9m[33m;[39m
 [90m   |[39m [31m
[1m^[22m[39m[31m[1
m^[22m[39m[31m[1m^
[22m[39m[31m[1m^[
22m[39m[31m[1m^[22
m[39m[31m[1m^[22m
[39m[31m[1m^[22m[3
9m[31m[1m^[22m[39m
[31m[1m^[22m[39m[
31m[1m^[22m[39m[31
m[1m^[22m[39m[31m
[1m^[22m[39m[31m[1
m^[22m[39m[31m[1m^
[22m[39m[31m[1m^[
22m[39m[31m[1m^[22
m[39m[31m[1m^[22m
[39m[31m[1m^[22m[3
9m[31m[1m^[22m[39m
[31m[1m^[22m[39m[
31m[1m^[22m[39m[31
m[1m^[22m[39m[31m
[1m^[22m[39m[31m[1
m^[22m[39m[31m[1m^
[22m[39m[31m[1m^[
22m[39m[31m[1m^[22
m[39m[31m[1m^[22m
[39m[31m[1m^[22m[3
9m[31m[1m^[22m[39m
[31m[1m^[22m[39m[
31m[1m^[22m[39m[31
m[1m^[22m[39m[31m
[1m^[22m[39m[31m[1
m^[22m[39m[31m[1m^
[22m[39m[31m[1m^[
22m[39m[31m[1m^[22
m[39m[31m[1m^[22m
[39m[31m[1m^[22m[3
9m[31m[1m^[22m[39m
[31m[1m^[22m[39m[
31m[1m^[22m[39m[31
m[1m^[22m[39m[31m
[1m^[22m[39m[31m[1
m^[22m[39m[31m[1m^
[22m[39m[31m[1m^[
22m[39m[31m[1m^[22
m[39m[31m[1m^[22m
[39m[31m[1m^[22m[3
9m[31m[1m^[22m[39m
[31m[1m^[22m[39m[
31m[1m^[22m[39m[31
m[1m^[22m[39m[31m
[1m^[22m[39m[31m[1
m^[22m[39m[31m[1m^
[22m[39m[31m[1m^[
22m[39m[31m[1m^[22
m[39m
 [90m 4 |[39m 
[36mimport[39m { 
getStorage } 
[36mfrom[39m [32m'f
irebase/storage'[39m
[33m;[39m
 [90m 5 |[39m
 [90m 6 |[39m 
[36mconst[39m 
firebaseConfig 
[33m=[39m {[0m



Import traces:
  App Route:
    
./src/lib/firebase.ts
    ./src/app/api/rss/
route.ts

  Client Component 
Browser:
    
./src/lib/firebase.ts 
[Client Component 
Browser]
    ./src/app/admin/bl
ogs/page.tsx [Client 
Component Browser]
    ./src/app/admin/bl
ogs/page.tsx [Server 
Component]

  Client Component 
SSR:
    
./src/lib/firebase.ts 
[Client Component SSR]
    ./src/app/admin/bl
ogs/page.tsx [Client 
Component SSR]
    ./src/app/admin/bl
ogs/page.tsx [Server 
Component]

https://nextjs.org/doc
s/messages/module-not-
found


./src/app/admin/blogs/
page.tsx:11:1
Module not found: 
Can't resolve 
'firebase/firestore'
[0m [90m  9 |[39m  
 faQuestionCircle[33m
,[39m 
faStar[33m,[39m 
faTimes
 [90m 10 |[39m } 
[36mfrom[39m [32m'@
fortawesome/free-solid
-svg-icons'[39m[33m;
[39m
[31m[1m>[22m[39m[
90m 11 |[39m 
[36mimport[39m { 
collection[33m,[39m 
getDocs[33m,[39m 
addDoc[33m,[39m 
updateDoc[33m,[39m 
deleteDoc[33m,[39m 
doc[33m,[39m getDoc 
} [36mfrom[39m [32m
'firebase/firestore'[
39m[33m;[39m
 [90m    |[39m [31m
[1m^[22m[39m[31m[
1m^[22m[39m[31m[1m
^[22m[39m[31m[1m^
[22m[39m[31m[1m^[2
2m[39m[31m[1m^[22m
[39m[31m[1m^[22m[
39m[31m[1m^[22m[39
m[31m[1m^[22m[39m
[31m[1m^[22m[39m[3
1m[1m^[22m[39m[31m
[1m^[22m[39m[31m[
1m^[22m[39m[31m[1m
^[22m[39m[31m[1m^
[22m[39m[31m[1m^[2
2m[39m[31m[1m^[22m
[39m[31m[1m^[22m[
39m[31m[1m^[22m[39
m[31m[1m^[22m[39m
[31m[1m^[22m[39m[3
1m[1m^[22m[39m[31m
[1m^[22m[39m[31m[
1m^[22m[39m[31m[1m
^[22m[39m[31m[1m^
[22m[39m[31m[1m^[2
2m[39m[31m[1m^[22m
[39m[31m[1m^[22m[
39m[31m[1m^[22m[39
m[31m[1m^[22m[39m
[31m[1m^[22m[39m[3
1m[1m^[22m[39m[31m
[1m^[22m[39m[31m[
1m^[22m[39m[31m[1m
^[22m[39m[31m[1m^
[22m[39m[31m[1m^[2
2m[39m[31m[1m^[22m
[39m[31m[1m^[22m[
39m[31m[1m^[22m[39
m[31m[1m^[22m[39m
[31m[1m^[22m[39m[3
1m[1m^[22m[39m[31m
[1m^[22m[39m[31m[
1m^[22m[39m[31m[1m
^[22m[39m[31m[1m^
[22m[39m[31m[1m^[2
2m[39m[31m[1m^[22m
[39m[31m[1m^[22m[
39m[31m[1m^[22m[39
m[31m[1m^[22m[39m
[31m[1m^[22m[39m[3
1m[1m^[22m[39m[31m
[1m^[22m[39m[31m[
1m^[22m[39m[31m[1m
^[22m[39m[31m[1m^
[22m[39m[31m[1m^[2
2m[39m[31m[1m^[22m
[39m[31m[1m^[22m[
39m[31m[1m^[22m[39
m[31m[1m^[22m[39m
[31m[1m^[22m[39m[3
1m[1m^[22m[39m[31m
[1m^[22m[39m[31m[
1m^[22m[39m[31m[1m
^[22m[39m[31m[1m^
[22m[39m[31m[1m^[2
2m[39m[31m[1m^[22m
[39m[31m[1m^[22m[
39m[31m[1m^[22m[39
m[31m[1m^[22m[39m
[31m[1m^[22m[39m[3
1m[1m^[22m[39m[31m
[1m^[22m[39m[31m[
1m^[22m[39m[31m[1m
^[22m[39m[31m[1m^
[22m[39m[31m[1m^[2
2m[39m[31m[1m^[22m
[39m[31m[1m^[22m[
39m[31m[1m^[22m[39
m[31m[1m^[22m[39m
[31m[1m^[22m[39m[3
1m[1m^[22m[39m[31m
[1m^[22m[39m[31m[
1m^[22m[39m[31m[1m
^[22m[39m[31m[1m^
[22m[39m[31m[1m^[2
2m[39m[31m[1m^[22m
[39m[31m[1m^[22m[
39m[31m[1m^[22m[39
m[31m[1m^[22m[39m
[31m[1m^[22m[39m[3
1m[1m^[22m[39m[31m
[1m^[22m[39m
 [90m 12 |[39m 
[36mimport[39m { 
ref[33m,[39m uploadB
ytes[33m,[39m getDow
nloadURL[33m,[39m 
deleteObject } 
[36mfrom[39m [32m'f
irebase/storage'[39m
[33m;[39m
 [90m 13 |[39m 
[36mimport[39m { 
signOut[33m,[39m 
onAuthStateChanged } 
[36mfrom[39m [32m'f
irebase/auth'[39m[33
m;[39m
 [90m 14 |[39m 
[36mimport[39m { 
db[33m,[39m 
auth[33m,[39m 
storage } 
[36mfrom[39m [32m'@
/lib/firebase'[39m[3
3m;[39m[0m



Import traces:
  Client Component 
Browser:
    ./src/app/admin/bl
ogs/page.tsx [Client 
Component Browser]
    ./src/app/admin/bl
ogs/page.tsx [Server 
Component]

  Client Component 
SSR:
    ./src/app/admin/bl
ogs/page.tsx [Client 
Component SSR]
    ./src/app/admin/bl
ogs/page.tsx [Server 
Component]

https://nextjs.org/doc
s/messages/module-not-
found


./src/app/admin/blogs/
page.tsx:7:1
Module not found: 
Can't resolve 
'firebase/firestore'
[0m [90m  5 |[39m 
[36mimport[39m { [3
3mFontAwesomeIcon[39m
 } [36mfrom[39m [32
m'@fortawesome/react-f
ontawesome'[39m[33m;
[39m
 [90m  6 |[39m 
[36mimport[39m { 
faHome[33m,[39m 
faUsers[33m,[39m faC
hartLine[33m,[39m fa
ClipboardList[33m,[3
9m faCog[33m,[39m 
faPlus[33m,[39m 
faEdit[33m,[39m 
faTrash[33m,[39m 
faUpload[33m,[39m 
faMagic[33m,[39m 
faSearch[33m,[39m fa
EnvelopeOpenText[33m,
[39m faSignOutAlt[33
m,[39m 
faThLarge[33m,[39m 
faFileAlt[33m,[39m f
aQuestionCircle[33m,
[39m 
faStar[33m,[39m 
faTimes } 
[36mfrom[39m [32m'@
fortawesome/free-solid
-svg-icons'[39m[33m;
[39m
[31m[1m>[22m[39m[
90m  7 |[39m 
[36mimport[39m { 
collection[33m,[39m 
getDocs[33m,[39m 
addDoc[33m,[39m 
updateDoc[33m,[39m 
deleteDoc[33m,[39m 
doc[33m,[39m getDoc 
} [36mfrom[39m [32m
'firebase/firestore'[
39m[33m;[39m
 [90m    |[39m [31m
[1m^[22m[39m[31m[
1m^[22m[39m[31m[1m
^[22m[39m[31m[1m^
[22m[39m[31m[1m^[2
2m[39m[31m[1m^[22m
[39m[31m[1m^[22m[
39m[31m[1m^[22m[39
m[31m[1m^[22m[39m
[31m[1m^[22m[39m[3
1m[1m^[22m[39m[31m
[1m^[22m[39m[31m[
1m^[22m[39m[31m[1m
^[22m[39m[31m[1m^
[22m[39m[31m[1m^[2
2m[39m[31m[1m^[22m
[39m[31m[1m^[22m[
39m[31m[1m^[22m[39
m[31m[1m^[22m[39m
[31m[1m^[22m[39m[3
1m[1m^[22m[39m[31m
[1m^[22m[39m[31m[
1m^[22m[39m[31m[1m
^[22m[39m[31m[1m^
[22m[39m[31m[1m^[2
2m[39m[31m[1m^[22m
[39m[31m[1m^[22m[
39m[31m[1m^[22m[39
m[31m[1m^[22m[39m
[31m[1m^[22m[39m[3
1m[1m^[22m[39m[31m
[1m^[22m[39m[31m[
1m^[22m[39m[31m[1m
^[22m[39m[31m[1m^
[22m[39m[31m[1m^[2
2m[39m[31m[1m^[22m
[39m[31m[1m^[22m[
39m[31m[1m^[22m[39
m[31m[1m^[22m[39m
[31m[1m^[22m[39m[3
1m[1m^[22m[39m[31m
[1m^[22m[39m[31m[
1m^[22m[39m[31m[1m
^[22m[39m[31m[1m^
[22m[39m[31m[1m^[2
2m[39m[31m[1m^[22m
[39m[31m[1m^[22m[
39m[31m[1m^[22m[39
m[31m[1m^[22m[39m
[31m[1m^[22m[39m[3
1m[1m^[22m[39m[31m
[1m^[22m[39m[31m[
1m^[22m[39m[31m[1m
^[22m[39m[31m[1m^
[22m[39m[31m[1m^[2
2m[39m[31m[1m^[22m
[39m[31m[1m^[22m[
39m[31m[1m^[22m[39
m[31m[1m^[22m[39m
[31m[1m^[22m[39m[3
1m[1m^[22m[39m[31m
[1m^[22m[39m[31m[
1m^[22m[39m[31m[1m
^[22m[39m[31m[1m^
[22m[39m[31m[1m^[2
2m[39m[31m[1m^[22m
[39m[31m[1m^[22m[
39m[31m[1m^[22m[39
m[31m[1m^[22m[39m
[31m[1m^[22m[39m[3
1m[1m^[22m[39m[31m
[1m^[22m[39m[31m[
1m^[22m[39m[31m[1m
^[22m[39m[31m[1m^
[22m[39m[31m[1m^[2
2m[39m[31m[1m^[22m
[39m[31m[1m^[22m[
39m[31m[1m^[22m[39
m[31m[1m^[22m[39m
[31m[1m^[22m[39m[3
1m[1m^[22m[39m[31m
[1m^[22m[39m[31m[
1m^[22m[39m[31m[1m
^[22m[39m[31m[1m^
[22m[39m[31m[1m^[2
2m[39m[31m[1m^[22m
[39m[31m[1m^[22m[
39m[31m[1m^[22m[39
m[31m[1m^[22m[39m
[31m[1m^[22m[39m[3
1m[1m^[22m[39m[31m
[1m^[22m[39m
 [90m  8 |[39m 
[36mimport[39m { 
ref[33m,[39m uploadB
ytes[33m,[39m getDow
nloadURL[33m,[39m 
deleteObject } 
[36mfrom[39m [32m'f
irebase/storage'[39m
[33m;[39m
 [90m  9 |[39m 
[36mimport[39m { 
signOut[33m,[39m 
onAuthStateChanged } 
[36mfrom[39m [32m'f
irebase/auth'[39m[33
m;[39m
 [90m 10 |[39m 
[36mimport[39m { 
db[33m,[39m 
auth[33m,[39m 
storage } 
[36mfrom[39m [32m'@
/lib/firebase'[39m[3
3m;[39m[0m



Import traces:
  Client Component 
Browser:
    ./src/app/admin/bl
ogs/page.tsx [Client 
Component Browser]
    ./src/app/admin/bl
ogs/page.tsx [Server 
Component]

  Client Component 
SSR:
    ./src/app/admin/bl
ogs/page.tsx [Client 
Component SSR]
    ./src/app/admin/bl
ogs/page.tsx [Server 
Component]

https://nextjs.org/doc
s/messages/module-not-
found


./src/app/api/rss/rout
e.ts:2:1
Module not found: 
Can't resolve 
'firebase/firestore'
[0m [90m 1 |[39m 
[36mimport[39m { [3
3mNextResponse[39m } 
[36mfrom[39m [32m'n
ext/server'[39m[33m;
[39m
[31m[1m>[22m[39m[
90m 2 |[39m 
[36mimport[39m { 
collection[33m,[39m 
getDocs[33m,[39m 
query[33m,[39m 
orderBy[33m,[39m 
limit } 
[36mfrom[39m [32m'f
irebase/firestore'[39
m[33m;[39m
 [90m   |[39m [31m
[1m^[22m[39m[31m[1
m^[22m[39m[31m[1m^
[22m[39m[31m[1m^[
22m[39m[31m[1m^[22
m[39m[31m[1m^[22m
[39m[31m[1m^[22m[3
9m[31m[1m^[22m[39m
[31m[1m^[22m[39m[
31m[1m^[22m[39m[31
m[1m^[22m[39m[31m
[1m^[22m[39m[31m[1
m^[22m[39m[31m[1m^
[22m[39m[31m[1m^[
22m[39m[31m[1m^[22
m[39m[31m[1m^[22m
[39m[31m[1m^[22m[3
9m[31m[1m^[22m[39m
[31m[1m^[22m[39m[
31m[1m^[22m[39m[31
m[1m^[22m[39m[31m
[1m^[22m[39m[31m[1
m^[22m[39m[31m[1m^
[22m[39m[31m[1m^[
22m[39m[31m[1m^[22
m[39m[31m[1m^[22m
[39m[31m[1m^[22m[3
9m[31m[1m^[22m[39m
[31m[1m^[22m[39m[
31m[1m^[22m[39m[31
m[1m^[22m[39m[31m
[1m^[22m[39m[31m[1
m^[22m[39m[31m[1m^
[22m[39m[31m[1m^[
22m[39m[31m[1m^[22
m[39m[31m[1m^[22m
[39m[31m[1m^[22m[3
9m[31m[1m^[22m[39m
[31m[1m^[22m[39m[
31m[1m^[22m[39m[31
m[1m^[22m[39m[31m
[1m^[22m[39m[31m[1
m^[22m[39m[31m[1m^
[22m[39m[31m[1m^[
22m[39m[31m[1m^[22
m[39m[31m[1m^[22m
[39m[31m[1m^[22m[3
9m[31m[1m^[22m[39m
[31m[1m^[22m[39m[
31m[1m^[22m[39m[31
m[1m^[22m[39m[31m
[1m^[22m[39m[31m[1
m^[22m[39m[31m[1m^
[22m[39m[31m[1m^[
22m[39m[31m[1m^[22
m[39m[31m[1m^[22m
[39m[31m[1m^[22m[3
9m[31m[1m^[22m[39m
[31m[1m^[22m[39m[
31m[1m^[22m[39m[31
m[1m^[22m[39m[31m
[1m^[22m[39m[31m[1
m^[22m[39m[31m[1m^
[22m[39m[31m[1m^[
22m[39m[31m[1m^[22
m[39m[31m[1m^[22m
[39m[31m[1m^[22m[3
9m[31m[1m^[22m[39m
[31m[1m^[22m[39m[
31m[1m^[22m[39m[31
m[1m^[22m[39m[31m
[1m^[22m[39m[31m[1
m^[22m[39m[31m[1m^
[22m[39m
 [90m 3 |[39m 
[36mimport[39m { db 
} [36mfrom[39m [32m
'@/lib/firebase'[39m
[33m;[39m
 [90m 4 |[39m
 [90m 5 |[39m 
[36mexport[39m 
[36masync[39m 
[36mfunction[39m 
[33mGET[39m() {[0m



https://nextjs.org/doc
s/messages/module-not-
found


./src/components/Tipta
pEditor.tsx:24:1
Module not found: 
Can't resolve 
'firebase/firestore'
[0m [90m 22 |[39m 
[36mimport[39m { 
ref[33m,[39m uploadB
ytes[33m,[39m 
getDownloadURL } 
[36mfrom[39m [32m'f
irebase/storage'[39m
[33m;[39m
 [90m 23 |[39m 
[36mimport[39m { 
auth[33m,[39m 
storage[33m,[39m db 
} [36mfrom[39m [32m
'@/lib/firebase'[39m
[33m;[39m
[31m[1m>[22m[39m[
90m 24 |[39m 
[36mimport[39m { 
addDoc[33m,[39m 
collection } 
[36mfrom[39m [32m'f
irebase/firestore'[39
m[33m;[39m
 [90m    |[39m [31m
[1m^[22m[39m[31m[
1m^[22m[39m[31m[1m
^[22m[39m[31m[1m^
[22m[39m[31m[1m^[2
2m[39m[31m[1m^[22m
[39m[31m[1m^[22m[
39m[31m[1m^[22m[39
m[31m[1m^[22m[39m
[31m[1m^[22m[39m[3
1m[1m^[22m[39m[31m
[1m^[22m[39m[31m[
1m^[22m[39m[31m[1m
^[22m[39m[31m[1m^
[22m[39m[31m[1m^[2
2m[39m[31m[1m^[22m
[39m[31m[1m^[22m[
39m[31m[1m^[22m[39
m[31m[1m^[22m[39m
[31m[1m^[22m[39m[3
1m[1m^[22m[39m[31m
[1m^[22m[39m[31m[
1m^[22m[39m[31m[1m
^[22m[39m[31m[1m^
[22m[39m[31m[1m^[2
2m[39m[31m[1m^[22m
[39m[31m[1m^[22m[
39m[31m[1m^[22m[39
m[31m[1m^[22m[39m
[31m[1m^[22m[39m[3
1m[1m^[22m[39m[31m
[1m^[22m[39m[31m[
1m^[22m[39m[31m[1m
^[22m[39m[31m[1m^
[22m[39m[31m[1m^[2
2m[39m[31m[1m^[22m
[39m[31m[1m^[22m[
39m[31m[1m^[22m[39
m[31m[1m^[22m[39m
[31m[1m^[22m[39m[3
1m[1m^[22m[39m[31m
[1m^[22m[39m[31m[
1m^[22m[39m[31m[1m
^[22m[39m[31m[1m^
[22m[39m[31m[1m^[2
2m[39m[31m[1m^[22m
[39m[31m[1m^[22m[
39m[31m[1m^[22m[39
m[31m[1m^[22m[39m
[31m[1m^[22m[39m[3
1m[1m^[22m[39m[31m
[1m^[22m[39m
 [90m 25 |[39m 
[36mconst[39m 
lowlight [33m=[39m c
reateLowlight(common)
[33m;[39m
 [90m 26 |[39m 
[36minterface[39m [
33mTiptapEditorProps[
39m {
 [90m 27 |[39m   
content[33m:[39m 
string[33m;[39m[0m



Import trace:
  Client Component 
Browser:
    ./src/components/T
iptapEditor.tsx 
[Client Component 
Browser]
    ./src/app/admin/bl
ogs/page.tsx [Client 
Component Browser]
    ./src/app/admin/bl
ogs/page.tsx [Server 
Component]

https://nextjs.org/doc
s/messages/module-not-
found


./src/lib/firebase.ts:
2:1
Module not found: 
Can't resolve 
'firebase/firestore'
[0m [90m 1 |[39m 
[36mimport[39m { ini
tializeApp[33m,[39m 
getApps[33m,[39m 
getApp } 
[36mfrom[39m [32m'f
irebase/app'[39m[33m
;[39m
[31m[1m>[22m[39m[
90m 2 |[39m 
[36mimport[39m { 
getFirestore } 
[36mfrom[39m [32m'f
irebase/firestore'[39
m[33m;[39m
 [90m   |[39m [31m
[1m^[22m[39m[31m[1
m^[22m[39m[31m[1m^
[22m[39m[31m[1m^[
22m[39m[31m[1m^[22
m[39m[31m[1m^[22m
[39m[31m[1m^[22m[3
9m[31m[1m^[22m[39m
[31m[1m^[22m[39m[
31m[1m^[22m[39m[31
m[1m^[22m[39m[31m
[1m^[22m[39m[31m[1
m^[22m[39m[31m[1m^
[22m[39m[31m[1m^[
22m[39m[31m[1m^[22
m[39m[31m[1m^[22m
[39m[31m[1m^[22m[3
9m[31m[1m^[22m[39m
[31m[1m^[22m[39m[
31m[1m^[22m[39m[31
m[1m^[22m[39m[31m
[1m^[22m[39m[31m[1
m^[22m[39m[31m[1m^
[22m[39m[31m[1m^[
22m[39m[31m[1m^[22
m[39m[31m[1m^[22m
[39m[31m[1m^[22m[3
9m[31m[1m^[22m[39m
[31m[1m^[22m[39m[
31m[1m^[22m[39m[31
m[1m^[22m[39m[31m
[1m^[22m[39m[31m[1
m^[22m[39m[31m[1m^
[22m[39m[31m[1m^[
22m[39m[31m[1m^[22
m[39m[31m[1m^[22m
[39m[31m[1m^[22m[3
9m[31m[1m^[22m[39m
[31m[1m^[22m[39m[
31m[1m^[22m[39m[31
m[1m^[22m[39m[31m
[1m^[22m[39m[31m[1
m^[22m[39m[31m[1m^
[22m[39m[31m[1m^[
22m[39m[31m[1m^[22
m[39m[31m[1m^[22m
[39m
 [90m 3 |[39m 
[36mimport[39m { 
getAuth[33m,[39m [3
3mGoogleAuthProvider[
39m } [36mfrom[39m 
[32m'firebase/auth'[3
9m[33m;[39m
 [90m 4 |[39m 
[36mimport[39m { 
getStorage } 
[36mfrom[39m [32m'f
irebase/storage'[39m
[33m;[39m
 [90m 5 |[39m[0m



Import traces:
  App Route:
    
./src/lib/firebase.ts
    ./src/app/api/rss/
route.ts

  Client Component 
Browser:
    
./src/lib/firebase.ts 
[Client Component 
Browser]
    ./src/app/admin/bl
ogs/page.tsx [Client 
Component Browser]
    ./src/app/admin/bl
ogs/page.tsx [Server 
Component]

  Client Component 
SSR:
    
./src/lib/firebase.ts 
[Client Component SSR]
    ./src/app/admin/bl
ogs/page.tsx [Client 
Component SSR]
    ./src/app/admin/bl
ogs/page.tsx [Server 
Component]

https://nextjs.org/doc
s/messages/module-not-
found


./src/app/admin/blogs/
page.tsx:12:1
Module not found: 
Can't resolve 
'firebase/storage'
[0m [90m 10 |[39m 
} [36mfrom[39m [32m
'@fortawesome/free-sol
id-svg-icons'[39m[33
m;[39m
 [90m 11 |[39m 
[36mimport[39m { 
collection[33m,[39m 
getDocs[33m,[39m 
addDoc[33m,[39m 
updateDoc[33m,[39m 
deleteDoc[33m,[39m 
doc[33m,[39m getDoc 
} [36mfrom[39m [32m
'firebase/firestore'[
39m[33m;[39m
[31m[1m>[22m[39m[
90m 12 |[39m 
[36mimport[39m { 
ref[33m,[39m uploadB
ytes[33m,[39m getDow
nloadURL[33m,[39m 
deleteObject } 
[36mfrom[39m [32m'f
irebase/storage'[39m
[33m;[39m
 [90m    |[39m [31m
[1m^[22m[39m[31m[
1m^[22m[39m[31m[1m
^[22m[39m[31m[1m^
[22m[39m[31m[1m^[2
2m[39m[31m[1m^[22m
[39m[31m[1m^[22m[
39m[31m[1m^[22m[39
m[31m[1m^[22m[39m
[31m[1m^[22m[39m[3
1m[1m^[22m[39m[31m
[1m^[22m[39m[31m[
1m^[22m[39m[31m[1m
^[22m[39m[31m[1m^
[22m[39m[31m[1m^[2
2m[39m[31m[1m^[22m
[39m[31m[1m^[22m[
39m[31m[1m^[22m[39
m[31m[1m^[22m[39m
[31m[1m^[22m[39m[3
1m[1m^[22m[39m[31m
[1m^[22m[39m[31m[
1m^[22m[39m[31m[1m
^[22m[39m[31m[1m^
[22m[39m[31m[1m^[2
2m[39m[31m[1m^[22m
[39m[31m[1m^[22m[
39m[31m[1m^[22m[39
m[31m[1m^[22m[39m
[31m[1m^[22m[39m[3
1m[1m^[22m[39m[31m
[1m^[22m[39m[31m[
1m^[22m[39m[31m[1m
^[22m[39m[31m[1m^
[22m[39m[31m[1m^[2
2m[39m[31m[1m^[22m
[39m[31m[1m^[22m[
39m[31m[1m^[22m[39
m[31m[1m^[22m[39m
[31m[1m^[22m[39m[3
1m[1m^[22m[39m[31m
[1m^[22m[39m[31m[
1m^[22m[39m[31m[1m
^[22m[39m[31m[1m^
[22m[39m[31m[1m^[2
2m[39m[31m[1m^[22m
[39m[31m[1m^[22m[
39m[31m[1m^[22m[39
m[31m[1m^[22m[39m
[31m[1m^[22m[39m[3
1m[1m^[22m[39m[31m
[1m^[22m[39m[31m[
1m^[22m[39m[31m[1m
^[22m[39m[31m[1m^
[22m[39m[31m[1m^[2
2m[39m[31m[1m^[22m
[39m[31m[1m^[22m[
39m[31m[1m^[22m[39
m[31m[1m^[22m[39m
[31m[1m^[22m[39m[3
1m[1m^[22m[39m[31m
[1m^[22m[39m[31m[
1m^[22m[39m[31m[1m
^[22m[39m[31m[1m^
[22m[39m[31m[1m^[2
2m[39m[31m[1m^[22m
[39m[31m[1m^[22m[
39m[31m[1m^[22m[39
m[31m[1m^[22m[39m
[31m[1m^[22m[39m[3
1m[1m^[22m[39m[31m
[1m^[22m[39m[31m[
1m^[22m[39m[31m[1m
^[22m[39m[31m[1m^
[22m[39m[31m[1m^[2
2m[39m
 [90m 13 |[39m 
[36mimport[39m { 
signOut[33m,[39m 
onAuthStateChanged } 
[36mfrom[39m [32m'f
irebase/auth'[39m[33
m;[39m
 [90m 14 |[39m 
[36mimport[39m { 
db[33m,[39m 
auth[33m,[39m 
storage } 
[36mfrom[39m [32m'@
/lib/firebase'[39m[3
3m;[39m
 [90m 15 |[39m 
[36mimport[39m { 
useRouter } 
[36mfrom[39m [32m'n
ext/navigation'[39m[
33m;[39m [0m



Import traces:
  Client Component 
Browser:
    ./src/app/admin/bl
ogs/page.tsx [Client 
Component Browser]
    ./src/app/admin/bl
ogs/page.tsx [Server 
Component]

  Client Component 
SSR:
    ./src/app/admin/bl
ogs/page.tsx [Client 
Component SSR]
    ./src/app/admin/bl
ogs/page.tsx [Server 
Component]

https://nextjs.org/doc
s/messages/module-not-
found


./src/app/admin/blogs/
page.tsx:8:1
Module not found: 
Can't resolve 
'firebase/storage'
[0m [90m  6 |[39m 
[36mimport[39m { 
faHome[33m,[39m 
faUsers[33m,[39m faC
hartLine[33m,[39m fa
ClipboardList[33m,[3
9m faCog[33m,[39m 
faPlus[33m,[39m 
faEdit[33m,[39m 
faTrash[33m,[39m 
faUpload[33m,[39m 
faMagic[33m,[39m 
faSearch[33m,[39m fa
EnvelopeOpenText[33m,
[39m faSignOutAlt[33
m,[39m 
faThLarge[33m,[39m 
faFileAlt[33m,[39m f
aQuestionCircle[33m,
[39m 
faStar[33m,[39m 
faTimes } 
[36mfrom[39m [32m'@
fortawesome/free-solid
-svg-icons'[39m[33m;
[39m
 [90m  7 |[39m 
[36mimport[39m { 
collection[33m,[39m 
getDocs[33m,[39m 
addDoc[33m,[39m 
updateDoc[33m,[39m 
deleteDoc[33m,[39m 
doc[33m,[39m getDoc 
} [36mfrom[39m [32m
'firebase/firestore'[
39m[33m;[39m
[31m[1m>[22m[39m[
90m  8 |[39m 
[36mimport[39m { 
ref[33m,[39m uploadB
ytes[33m,[39m getDow
nloadURL[33m,[39m 
deleteObject } 
[36mfrom[39m [32m'f
irebase/storage'[39m
[33m;[39m
 [90m    |[39m [31m
[1m^[22m[39m[31m[
1m^[22m[39m[31m[1m
^[22m[39m[31m[1m^
[22m[39m[31m[1m^[2
2m[39m[31m[1m^[22m
[39m[31m[1m^[22m[
39m[31m[1m^[22m[39
m[31m[1m^[22m[39m
[31m[1m^[22m[39m[3
1m[1m^[22m[39m[31m
[1m^[22m[39m[31m[
1m^[22m[39m[31m[1m
^[22m[39m[31m[1m^
[22m[39m[31m[1m^[2
2m[39m[31m[1m^[22m
[39m[31m[1m^[22m[
39m[31m[1m^[22m[39
m[31m[1m^[22m[39m
[31m[1m^[22m[39m[3
1m[1m^[22m[39m[31m
[1m^[22m[39m[31m[
1m^[22m[39m[31m[1m
^[22m[39m[31m[1m^
[22m[39m[31m[1m^[2
2m[39m[31m[1m^[22m
[39m[31m[1m^[22m[
39m[31m[1m^[22m[39
m[31m[1m^[22m[39m
[31m[1m^[22m[39m[3
1m[1m^[22m[39m[31m
[1m^[22m[39m[31m[
1m^[22m[39m[31m[1m
^[22m[39m[31m[1m^
[22m[39m[31m[1m^[2
2m[39m[31m[1m^[22m
[39m[31m[1m^[22m[
39m[31m[1m^[22m[39
m[31m[1m^[22m[39m
[31m[1m^[22m[39m[3
1m[1m^[22m[39m[31m
[1m^[22m[39m[31m[
1m^[22m[39m[31m[1m
^[22m[39m[31m[1m^
[22m[39m[31m[1m^[2
2m[39m[31m[1m^[22m
[39m[31m[1m^[22m[
39m[31m[1m^[22m[39
m[31m[1m^[22m[39m
[31m[1m^[22m[39m[3
1m[1m^[22m[39m[31m
[1m^[22m[39m[31m[
1m^[22m[39m[31m[1m
^[22m[39m[31m[1m^
[22m[39m[31m[1m^[2
2m[39m[31m[1m^[22m
[39m[31m[1m^[22m[
39m[31m[1m^[22m[39
m[31m[1m^[22m[39m
[31m[1m^[22m[39m[3
1m[1m^[22m[39m[31m
[1m^[22m[39m[31m[
1m^[22m[39m[31m[1m
^[22m[39m[31m[1m^
[22m[39m[31m[1m^[2
2m[39m[31m[1m^[22m
[39m[31m[1m^[22m[
39m[31m[1m^[22m[39
m[31m[1m^[22m[39m
[31m[1m^[22m[39m[3
1m[1m^[22m[39m[31m
[1m^[22m[39m[31m[
1m^[22m[39m[31m[1m
^[22m[39m[31m[1m^
[22m[39m[31m[1m^[2
2m[39m
 [90m  9 |[39m 
[36mimport[39m { 
signOut[33m,[39m 
onAuthStateChanged } 
[36mfrom[39m [32m'f
irebase/auth'[39m[33
m;[39m
 [90m 10 |[39m 
[36mimport[39m { 
db[33m,[39m 
auth[33m,[39m 
storage } 
[36mfrom[39m [32m'@
/lib/firebase'[39m[3
3m;[39m
 [90m 11 |[39m 
[36mimport[39m { 
useRouter } 
[36mfrom[39m [32m'n
ext/navigation'[39m[
33m;[39m[0m



Import traces:
  Client Component 
Browser:
    ./src/app/admin/bl
ogs/page.tsx [Client 
Component Browser]
    ./src/app/admin/bl
ogs/page.tsx [Server 
Component]

  Client Component 
SSR:
    ./src/app/admin/bl
ogs/page.tsx [Client 
Component SSR]
    ./src/app/admin/bl
ogs/page.tsx [Server 
Component]

https://nextjs.org/doc
s/messages/module-not-
found


./src/components/Tipta
pEditor.tsx:22:1
Module not found: 
Can't resolve 
'firebase/storage'
[0m [90m 20 |[39m 
[36mimport[39m { [3
3mCodeBlockLowlight[3
9m } [36mfrom[39m [
32m'@tiptap/extension-
code-block-lowlight'[
39m[33m;[39m
 [90m 21 |[39m 
[36mimport[39m { 
common[33m,[39m 
createLowlight } 
[36mfrom[39m [32m'l
owlight'[39m[33m;[3
9m
[31m[1m>[22m[39m[
90m 22 |[39m 
[36mimport[39m { 
ref[33m,[39m uploadB
ytes[33m,[39m 
getDownloadURL } 
[36mfrom[39m [32m'f
irebase/storage'[39m
[33m;[39m
 [90m    |[39m [31m
[1m^[22m[39m[31m[
1m^[22m[39m[31m[1m
^[22m[39m[31m[1m^
[22m[39m[31m[1m^[2
2m[39m[31m[1m^[22m
[39m[31m[1m^[22m[
39m[31m[1m^[22m[39
m[31m[1m^[22m[39m
[31m[1m^[22m[39m[3
1m[1m^[22m[39m[31m
[1m^[22m[39m[31m[
1m^[22m[39m[31m[1m
^[22m[39m[31m[1m^
[22m[39m[31m[1m^[2
2m[39m[31m[1m^[22m
[39m[31m[1m^[22m[
39m[31m[1m^[22m[39
m[31m[1m^[22m[39m
[31m[1m^[22m[39m[3
1m[1m^[22m[39m[31m
[1m^[22m[39m[31m[
1m^[22m[39m[31m[1m
^[22m[39m[31m[1m^
[22m[39m[31m[1m^[2
2m[39m[31m[1m^[22m
[39m[31m[1m^[22m[
39m[31m[1m^[22m[39
m[31m[1m^[22m[39m
[31m[1m^[22m[39m[3
1m[1m^[22m[39m[31m
[1m^[22m[39m[31m[
1m^[22m[39m[31m[1m
^[22m[39m[31m[1m^
[22m[39m[31m[1m^[2
2m[39m[31m[1m^[22m
[39m[31m[1m^[22m[
39m[31m[1m^[22m[39
m[31m[1m^[22m[39m
[31m[1m^[22m[39m[3
1m[1m^[22m[39m[31m
[1m^[22m[39m[31m[
1m^[22m[39m[31m[1m
^[22m[39m[31m[1m^
[22m[39m[31m[1m^[2
2m[39m[31m[1m^[22m
[39m[31m[1m^[22m[
39m[31m[1m^[22m[39
m[31m[1m^[22m[39m
[31m[1m^[22m[39m[3
1m[1m^[22m[39m[31m
[1m^[22m[39m[31m[
1m^[22m[39m[31m[1m
^[22m[39m[31m[1m^
[22m[39m[31m[1m^[2
2m[39m[31m[1m^[22m
[39m[31m[1m^[22m[
39m[31m[1m^[22m[39
m[31m[1m^[22m[39m
[31m[1m^[22m[39m[3
1m[1m^[22m[39m[31m
[1m^[22m[39m[31m[
1m^[22m[39m
 [90m 23 |[39m 
[36mimport[39m { 
auth[33m,[39m 
storage[33m,[39m db 
} [36mfrom[39m [32m
'@/lib/firebase'[39m
[33m;[39m
 [90m 24 |[39m 
[36mimport[39m { 
addDoc[33m,[39m 
collection } 
[36mfrom[39m [32m'f
irebase/firestore'[39
m[33m;[39m
 [90m 25 |[39m 
[36mconst[39m 
lowlight [33m=[39m c
reateLowlight(common)
[33m;[39m[0m



Import trace:
  Client Component 
Browser:
    ./src/components/T
iptapEditor.tsx 
[Client Component 
Browser]
    ./src/app/admin/bl
ogs/page.tsx [Client 
Component Browser]
    ./src/app/admin/bl
ogs/page.tsx [Server 
Component]

https://nextjs.org/doc
s/messages/module-not-
found


./src/lib/firebase.ts:
4:1
Module not found: 
Can't resolve 
'firebase/storage'
[0m [90m 2 |[39m 
[36mimport[39m { 
getFirestore } 
[36mfrom[39m [32m'f
irebase/firestore'[39
m[33m;[39m
 [90m 3 |[39m 
[36mimport[39m { 
getAuth[33m,[39m [3
3mGoogleAuthProvider[
39m } [36mfrom[39m 
[32m'firebase/auth'[3
9m[33m;[39m
[31m[1m>[22m[39m[
90m 4 |[39m 
[36mimport[39m { 
getStorage } 
[36mfrom[39m [32m'f
irebase/storage'[39m
[33m;[39m
 [90m   |[39m [31m
[1m^[22m[39m[31m[1
m^[22m[39m[31m[1m^
[22m[39m[31m[1m^[
22m[39m[31m[1m^[22
m[39m[31m[1m^[22m
[39m[31m[1m^[22m[3
9m[31m[1m^[22m[39m
[31m[1m^[22m[39m[
31m[1m^[22m[39m[31
m[1m^[22m[39m[31m
[1m^[22m[39m[31m[1
m^[22m[39m[31m[1m^
[22m[39m[31m[1m^[
22m[39m[31m[1m^[22
m[39m[31m[1m^[22m
[39m[31m[1m^[22m[3
9m[31m[1m^[22m[39m
[31m[1m^[22m[39m[
31m[1m^[22m[39m[31
m[1m^[22m[39m[31m
[1m^[22m[39m[31m[1
m^[22m[39m[31m[1m^
[22m[39m[31m[1m^[
22m[39m[31m[1m^[22
m[39m[31m[1m^[22m
[39m[31m[1m^[22m[3
9m[31m[1m^[22m[39m
[31m[1m^[22m[39m[
31m[1m^[22m[39m[31
m[1m^[22m[39m[31m
[1m^[22m[39m[31m[1
m^[22m[39m[31m[1m^
[22m[39m[31m[1m^[
22m[39m[31m[1m^[22
m[39m[31m[1m^[22m
[39m[31m[1m^[22m[3
9m[31m[1m^[22m[39m
[31m[1m^[22m[39m[
31m[1m^[22m[39m[31
m[1m^[22m[39m[31m
[1m^[22m[39m[31m[1
m^[22m[39m
 [90m 5 |[39m
 [90m 6 |[39m 
[36mconst[39m 
firebaseConfig 
[33m=[39m {
 [90m 7 |[39m   
apiKey[33m:[39m proc
ess[33m.[39menv[33m
.[39m[33mNEXT_PUBLIC
_FIREBASE_API_KEY[39m
[33m,[39m[0m



Import traces:
  App Route:
    
./src/lib/firebase.ts
    ./src/app/api/rss/
route.ts

  Client Component 
Browser:
    
./src/lib/firebase.ts 
[Client Component 
Browser]
    ./src/app/admin/bl
ogs/page.tsx [Client 
Component Browser]
    ./src/app/admin/bl
ogs/page.tsx [Server 
Component]

  Client Component 
SSR:
    
./src/lib/firebase.ts 
[Client Component SSR]
    ./src/app/admin/bl
ogs/page.tsx [Client 
Component SSR]
    ./src/app/admin/bl
ogs/page.tsx [Server 
Component]

https://nextjs.org/doc
s/messages/module-not-
found


./src/components/Tipta
pEditor.tsx:21:1
Module not found: 
Can't resolve 
'lowlight'
[0m [90m 19 |[39m 
[36mimport[39m { 
[33mSuperscript[39m 
} [36mfrom[39m [32m
'@tiptap/extension-sup
erscript'[39m[33m;[
39m
 [90m 20 |[39m 
[36mimport[39m { [3
3mCodeBlockLowlight[3
9m } [36mfrom[39m [
32m'@tiptap/extension-
code-block-lowlight'[
39m[33m;[39m
[31m[1m>[22m[39m[
90m 21 |[39m 
[36mimport[39m { 
common[33m,[39m 
createLowlight } 
[36mfrom[39m [32m'l
owlight'[39m[33m;[3
9m
 [90m    |[39m [31m
[1m^[22m[39m[31m[
1m^[22m[39m[31m[1m
^[22m[39m[31m[1m^
[22m[39m[31m[1m^[2
2m[39m[31m[1m^[22m
[39m[31m[1m^[22m[
39m[31m[1m^[22m[39
m[31m[1m^[22m[39m
[31m[1m^[22m[39m[3
1m[1m^[22m[39m[31m
[1m^[22m[39m[31m[
1m^[22m[39m[31m[1m
^[22m[39m[31m[1m^
[22m[39m[31m[1m^[2
2m[39m[31m[1m^[22m
[39m[31m[1m^[22m[
39m[31m[1m^[22m[39
m[31m[1m^[22m[39m
[31m[1m^[22m[39m[3
1m[1m^[22m[39m[31m
[1m^[22m[39m[31m[
1m^[22m[39m[31m[1m
^[22m[39m[31m[1m^
[22m[39m[31m[1m^[2
2m[39m[31m[1m^[22m
[39m[31m[1m^[22m[
39m[31m[1m^[22m[39
m[31m[1m^[22m[39m
[31m[1m^[22m[39m[3
1m[1m^[22m[39m[31m
[1m^[22m[39m[31m[
1m^[22m[39m[31m[1m
^[22m[39m[31m[1m^
[22m[39m[31m[1m^[2
2m[39m[31m[1m^[22m
[39m[31m[1m^[22m[
39m[31m[1m^[22m[39
m[31m[1m^[22m[39m
[31m[1m^[22m[39m[3
1m[1m^[22m[39m[31m
[1m^[22m[39m[31m[
1m^[22m[39m[31m[1m
^[22m[39m[31m[1m^
[22m[39m[31m[1m^[2
2m[39m[31m[1m^[22m
[39m
 [90m 22 |[39m 
[36mimport[39m { 
ref[33m,[39m uploadB
ytes[33m,[39m 
getDownloadURL } 
[36mfrom[39m [32m'f
irebase/storage'[39m
[33m;[39m
 [90m 23 |[39m 
[36mimport[39m { 
auth[33m,[39m 
storage[33m,[39m db 
} [36mfrom[39m [32m
'@/lib/firebase'[39m
[33m;[39m
 [90m 24 |[39m 
[36mimport[39m { 
addDoc[33m,[39m 
collection } 
[36mfrom[39m [32m'f
irebase/firestore'[39
m[33m;[39m[0m



Import trace:
  Client Component 
Browser:
    ./src/components/T
iptapEditor.tsx 
[Client Component 
Browser]
    ./src/app/admin/bl
ogs/page.tsx [Client 
Component Browser]
    ./src/app/admin/bl
ogs/page.tsx [Server 
Component]

https://nextjs.org/doc
s/messages/module-not-
found


./src/lib/mongodb.ts:1
:1
Module not found: 
Can't resolve 
'mongodb'
[0m[31m[1m>[22m[3
9m[90m 1 |[39m 
[36mimport[39m { 
[33mMongoClient[39m 
} [36mfrom[39m [32m
"mongodb"[39m[33m;[
39m
 [90m   |[39m [31m
[1m^[22m[39m[31m[1
m^[22m[39m[31m[1m^
[22m[39m[31m[1m^[
22m[39m[31m[1m^[22
m[39m[31m[1m^[22m
[39m[31m[1m^[22m[3
9m[31m[1m^[22m[39m
[31m[1m^[22m[39m[
31m[1m^[22m[39m[31
m[1m^[22m[39m[31m
[1m^[22m[39m[31m[1
m^[22m[39m[31m[1m^
[22m[39m[31m[1m^[
22m[39m[31m[1m^[22
m[39m[31m[1m^[22m
[39m[31m[1m^[22m[3
9m[31m[1m^[22m[39m
[31m[1m^[22m[39m[
31m[1m^[22m[39m[31
m[1m^[22m[39m[31m
[1m^[22m[39m[31m[1
m^[22m[39m[31m[1m^
[22m[39m[31m[1m^[
22m[39m[31m[1m^[22
m[39m[31m[1m^[22m
[39m[31m[1m^[22m[3
9m[31m[1m^[22m[39m
[31m[1m^[22m[39m[
31m[1m^[22m[39m[31
m[1m^[22m[39m[31m
[1m^[22m[39m[31m[1
m^[22m[39m[31m[1m^
[22m[39m[31m[1m^[
22m[39m[31m[1m^[22
m[39m
 [90m 2 |[39m
 [90m 3 |[39m 
[36mconst[39m uri 
[33m=[39m process[3
3m.[39menv[33m.[39m
[33mMONGODB_URI[39m
[33m;[39m
 [90m 4 |[39m[0m



Import traces:
  App Route:
    
./src/lib/mongodb.ts
    ./src/app/api/lead
s/route.ts

  Server Component:
    
./src/lib/mongodb.ts
    ./src/lib/blogs.ts
    ./src/app/blog/pag
e.tsx

https://nextjs.org/doc
s/messages/module-not-
found


./src/app/api/expand-c
ontent/route.ts:2:1
Module not found: 
Can't resolve 'openai'
[0m [90m 1 |[39m 
[36mimport[39m { [3
3mNextResponse[39m } 
[36mfrom[39m [32m'n
ext/server'[39m[33m;
[39m
[31m[1m>[22m[39m[
90m 2 |[39m 
[36mimport[39m 
[33mOpenAI[39m 
[36mfrom[39m [32m'o
penai'[39m[33m;[39m
 [90m   |[39m [31m
[1m^[22m[39m[31m[1
m^[22m[39m[31m[1m^
[22m[39m[31m[1m^[
22m[39m[31m[1m^[22
m[39m[31m[1m^[22m
[39m[31m[1m^[22m[3
9m[31m[1m^[22m[39m
[31m[1m^[22m[39m[
31m[1m^[22m[39m[31
m[1m^[22m[39m[31m
[1m^[22m[39m[31m[1
m^[22m[39m[31m[1m^
[22m[39m[31m[1m^[
22m[39m[31m[1m^[22
m[39m[31m[1m^[22m
[39m[31m[1m^[22m[3
9m[31m[1m^[22m[39m
[31m[1m^[22m[39m[
31m[1m^[22m[39m[31
m[1m^[22m[39m[31m
[1m^[22m[39m[31m[1
m^[22m[39m[31m[1m^
[22m[39m[31m[1m^[
22m[39m[31m[1m^[22
m[39m[31m[1m^[22m
[39m
 [90m 3 |[39m
 [90m 4 |[39m 
[36mconst[39m 
openai [33m=[39m 
[36mnew[39m 
[33mOpenAI[39m({
 [90m 5 |[39m     
apiKey[33m:[39m proc
ess[33m.[39menv[33m
.[39m[33mHELLO_DROP_
CHOO[39m[33m,[39m[
0m



https://nextjs.org/doc
s/messages/module-not-
found


./src/app/api/generate
-article/route.ts:2:1
Module not found: 
Can't resolve 'openai'
[0m [90m 1 |[39m 
[36mimport[39m { [3
3mNextResponse[39m } 
[36mfrom[39m [32m'n
ext/server'[39m[33m;
[39m
[31m[1m>[22m[39m[
90m 2 |[39m 
[36mimport[39m 
[33mOpenAI[39m 
[36mfrom[39m [32m'o
penai'[39m[33m;[39m
 [90m   |[39m [31m
[1m^[22m[39m[31m[1
m^[22m[39m[31m[1m^
[22m[39m[31m[1m^[
22m[39m[31m[1m^[22
m[39m[31m[1m^[22m
[39m[31m[1m^[22m[3
9m[31m[1m^[22m[39m
[31m[1m^[22m[39m[
31m[1m^[22m[39m[31
m[1m^[22m[39m[31m
[1m^[22m[39m[31m[1
m^[22m[39m[31m[1m^
[22m[39m[31m[1m^[
22m[39m[31m[1m^[22
m[39m[31m[1m^[22m
[39m[31m[1m^[22m[3
9m[31m[1m^[22m[39m
[31m[1m^[22m[39m[
31m[1m^[22m[39m[31
m[1m^[22m[39m[31m
[1m^[22m[39m[31m[1
m^[22m[39m[31m[1m^
[22m[39m[31m[1m^[
22m[39m[31m[1m^[22
m[39m[31m[1m^[22m
[39m
 [90m 3 |[39m
 [90m 4 |[39m 
[36mconst[39m 
openai [33m=[39m 
[36mnew[39m 
[33mOpenAI[39m({
 [90m 5 |[39m     
apiKey[33m:[39m proc
ess[33m.[39menv[33m
.[39m[33mHELLO_DROP_
CHOO[39m[33m,[39m[
0m



https://nextjs.org/doc
s/messages/module-not-
found


./src/app/api/generate
-image/route.ts:2:1
Module not found: 
Can't resolve 'openai'
[0m [90m 1 |[39m 
[36mimport[39m { [3
3mNextResponse[39m } 
[36mfrom[39m [32m'n
ext/server'[39m[33m;
[39m
[31m[1m>[22m[39m[
90m 2 |[39m 
[36mimport[39m 
[33mOpenAI[39m 
[36mfrom[39m [32m'o
penai'[39m[33m;[39m
 [90m   |[39m [31m
[1m^[22m[39m[31m[1
m^[22m[39m[31m[1m^
[22m[39m[31m[1m^[
22m[39m[31m[1m^[22
m[39m[31m[1m^[22m
[39m[31m[1m^[22m[3
9m[31m[1m^[22m[39m
[31m[1m^[22m[39m[
31m[1m^[22m[39m[31
m[1m^[22m[39m[31m
[1m^[22m[39m[31m[1
m^[22m[39m[31m[1m^
[22m[39m[31m[1m^[
22m[39m[31m[1m^[22
m[39m[31m[1m^[22m
[39m[31m[1m^[22m[3
9m[31m[1m^[22m[39m
[31m[1m^[22m[39m[
31m[1m^[22m[39m[31
m[1m^[22m[39m[31m
[1m^[22m[39m[31m[1
m^[22m[39m[31m[1m^
[22m[39m[31m[1m^[
22m[39m[31m[1m^[22
m[39m[31m[1m^[22m
[39m
 [90m 3 |[39m
 [90m 4 |[39m 
[36mconst[39m 
openai [33m=[39m 
[36mnew[39m 
[33mOpenAI[39m({
 [90m 5 |[39m     
apiKey[33m:[39m proc
ess[33m.[39menv[33m
.[39m[33mHELLO_DROP_
CHOO[39m[33m,[39m[
0m



https://nextjs.org/doc
s/messages/module-not-
found


    at <unknown> (./sr
c/app/login/page.tsx:1
4:1)
    at <unknown> (http
s://nextjs.org/docs/me
ssages/module-not-foun
d)
    at <unknown> (./sr
c/app/login/page.tsx:1
0:1)
    at <unknown> (http
s://nextjs.org/docs/me
ssages/module-not-foun
d)
    at <unknown> (./sr
c/app/admin/blogs/page
.tsx:5:1)
    at <unknown> (http
s://nextjs.org/docs/me
ssages/module-not-foun
d)
    at <unknown> (./sr
c/app/admin/blogs/page
.tsx:6:1)
    at <unknown> (http
s://nextjs.org/docs/me
ssages/module-not-foun
d)
    at <unknown> (./sr
c/app/login/page.tsx:1
3:1)
    at <unknown> (http
s://nextjs.org/docs/me
ssages/module-not-foun
d)
    at <unknown> (./sr
c/app/login/page.tsx:9
:1)
    at <unknown> (http
s://nextjs.org/docs/me
ssages/module-not-foun
d)
    at <unknown> (./sr
c/app/admin/blogs/page
.tsx:4:1)
    at <unknown> (http
s://nextjs.org/docs/me
ssages/module-not-foun
d)
    at <unknown> (./sr
c/app/admin/blogs/page
.tsx:5:1)
    at <unknown> (http
s://nextjs.org/docs/me
ssages/module-not-foun
d)
    at <unknown> (./sr
c/app/login/page.tsx:1
2:1)
    at <unknown> (http
s://nextjs.org/docs/me
ssages/module-not-foun
d)
    at <unknown> (./sr
c/app/login/page.tsx:8
:1)
    at <unknown> (http
s://nextjs.org/docs/me
ssages/module-not-foun
d)
    at <unknown> (./sr
c/components/TiptapEdi
tor.tsx:20:1)
    at <unknown> (http
s://nextjs.org/docs/me
ssages/module-not-foun
d)
    at <unknown> (./sr
c/components/TiptapEdi
tor.tsx:11:1)
    at <unknown> (http
s://nextjs.org/docs/me
ssages/module-not-foun
d)
    at <unknown> (./sr
c/components/TiptapEdi
tor.tsx:13:1)
    at <unknown> (http
s://nextjs.org/docs/me
ssages/module-not-foun
d)
    at <unknown> (./sr
c/components/TiptapEdi
tor.tsx:7:1)
    at <unknown> (http
s://nextjs.org/docs/me
ssages/module-not-foun
d)
    at <unknown> (./sr
c/components/TiptapEdi
tor.tsx:8:1)
    at <unknown> (http
s://nextjs.org/docs/me
ssages/module-not-foun
d)
    at <unknown> (./sr
c/components/TiptapEdi
tor.tsx:18:1)
    at <unknown> (http
s://nextjs.org/docs/me
ssages/module-not-foun
d)
    at <unknown> (./sr
c/components/TiptapEdi
tor.tsx:19:1)
    at <unknown> (http
s://nextjs.org/docs/me
ssages/module-not-foun
d)
    at <unknown> (./sr
c/components/TiptapEdi
tor.tsx:14:1)
    at <unknown> (http
s://nextjs.org/docs/me
ssages/module-not-foun
d)
    at <unknown> (./sr
c/components/TiptapEdi
tor.tsx:16:1)
    at <unknown> (http
s://nextjs.org/docs/me
ssages/module-not-foun
d)
    at <unknown> (./sr
c/components/TiptapEdi
tor.tsx:17:1)
    at <unknown> (http
s://nextjs.org/docs/me
ssages/module-not-foun
d)
    at <unknown> (./sr
c/components/TiptapEdi
tor.tsx:15:1)
    at <unknown> (http
s://nextjs.org/docs/me
ssages/module-not-foun
d)
    at <unknown> (./sr
c/components/TiptapEdi
tor.tsx:9:1)
    at <unknown> (http
s://nextjs.org/docs/me
ssages/module-not-foun
d)
    at <unknown> (./sr
c/components/TiptapEdi
tor.tsx:12:1)
    at <unknown> (http
s://nextjs.org/docs/me
ssages/module-not-foun
d)
    at <unknown> (./sr
c/components/TiptapEdi
tor.tsx:10:1)
    at <unknown> (http
s://nextjs.org/docs/me
ssages/module-not-foun
d)
    at <unknown> (./sr
c/components/TiptapEdi
tor.tsx:5:1)
    at <unknown> (http
s://nextjs.org/docs/me
ssages/module-not-foun
d)
    at <unknown> (./sr
c/components/TiptapEdi
tor.tsx:6:1)
    at <unknown> (http
s://nextjs.org/docs/me
ssages/module-not-foun
d)
    at <unknown> (./sr
c/lib/firebase.ts:1:1)
    at <unknown> (http
s://nextjs.org/docs/me
ssages/module-not-foun
d)
    at <unknown> (./sr
c/app/admin/blogs/page
.tsx:13:1)
    at <unknown> (http
s://nextjs.org/docs/me
ssages/module-not-foun
d)
    at <unknown> (./sr
c/app/admin/blogs/page
.tsx:9:1)
    at <unknown> (http
s://nextjs.org/docs/me
ssages/module-not-foun
d)
    at <unknown> (./sr
c/app/login/page.tsx:3
:1)
    at <unknown> (http
s://nextjs.org/docs/me
ssages/module-not-foun
d)
    at <unknown> (./sr
c/app/login/page.tsx:4
:1)
    at <unknown> (http
s://nextjs.org/docs/me
ssages/module-not-foun
d)
    at <unknown> (./sr
c/lib/firebase.ts:3:1)
    at <unknown> (http
s://nextjs.org/docs/me
ssages/module-not-foun
d)
    at <unknown> (./sr
c/app/admin/blogs/page
.tsx:11:1)
    at <unknown> (http
s://nextjs.org/docs/me
ssages/module-not-foun
d)
    at <unknown> (./sr
c/app/admin/blogs/page
.tsx:7:1)
    at <unknown> (http
s://nextjs.org/docs/me
ssages/module-not-foun
d)
    at <unknown> (./sr
c/app/api/rss/route.ts
:2:1)
    at <unknown> (http
s://nextjs.org/docs/me
ssages/module-not-foun
d)
    at <unknown> (./sr
c/components/TiptapEdi
tor.tsx:24:1)
    at <unknown> (http
s://nextjs.org/docs/me
ssages/module-not-foun
d)
    at <unknown> (./sr
c/lib/firebase.ts:2:1)
    at <unknown> (http
s://nextjs.org/docs/me
ssages/module-not-foun
d)
    at <unknown> (./sr
c/app/admin/blogs/page
.tsx:12:1)
    at <unknown> (http
s://nextjs.org/docs/me
ssages/module-not-foun
d)
    at <unknown> (./sr
c/app/admin/blogs/page
.tsx:8:1)
    at <unknown> (http
s://nextjs.org/docs/me
ssages/module-not-foun
d)
    at <unknown> (./sr
c/components/TiptapEdi
tor.tsx:22:1)
    at <unknown> (http
s://nextjs.org/docs/me
ssages/module-not-foun
d)
    at <unknown> (./sr
c/lib/firebase.ts:4:1)
    at <unknown> (http
s://nextjs.org/docs/me
ssages/module-not-foun
d)
    at <unknown> (./sr
c/components/TiptapEdi
tor.tsx:21:1)
    at <unknown> (http
s://nextjs.org/docs/me
ssages/module-not-foun
d)
    at <unknown> (./sr
c/lib/mongodb.ts:1:1)
    at <unknown> (http
s://nextjs.org/docs/me
ssages/module-not-foun
d)
    at <unknown> (./sr
c/app/api/expand-conte
nt/route.ts:2:1)
    at <unknown> (http
s://nextjs.org/docs/me
ssages/module-not-foun
d)
    at <unknown> (./sr
c/app/api/generate-art
icle/route.ts:2:1)
    at <unknown> (http
s://nextjs.org/docs/me
ssages/module-not-foun
d)
    at <unknown> (./sr
c/app/api/generate-ima
ge/route.ts:2:1)
    at <unknown> (http
s://nextjs.org/docs/me
ssages/module-not-foun
d)
